Component: ARM Compiler 5.06 update 5 (build 528) Tool: armlink [4d35e2]

==============================================================================

Section Cross References

    main.o(i.Hand_Action) refers to finger.o(i.Finger_Action) for Finger_Action
    main.o(i.Hand_Action) refers to finger.o(i.Finger_ActionTime) for Finger_ActionTime
    main.o(i.Hand_Action) refers to main.o(.constdata) for actions
    main.o(i.Hand_Action) refers to main.o(.data) for little_f
    main.o(i.SysTick_Handler) refers to drivers.o(i.ADC0_Read) for ADC0_Read
    main.o(i.SysTick_Handler) refers to finger.o(i.Finger_Timing) for Finger_Timing
    main.o(i.SysTick_Handler) refers to main.o(.data) for ticks
    main.o(i.UART1_RX_TX_IRQHandler) refers to drivers.o(i.UART0_send) for UART0_send
    main.o(i.UART1_RX_TX_IRQHandler) refers to main.o(.data) for receivedCMD
    main.o(i.main) refers to _printf_percent.o(.ARM.Collect$$_printf_percent$$00000000) for _printf_percent
    main.o(i.main) refers to _printf_d.o(.ARM.Collect$$_printf_percent$$00000009) for _printf_d
    main.o(i.main) refers to _printf_f.o(.ARM.Collect$$_printf_percent$$00000003) for _printf_f
    main.o(i.main) refers to _printf_dec.o(.text) for _printf_int_dec
    main.o(i.main) refers to printf1.o(x$fpl$printf1) for _printf_fp_dec
    main.o(i.main) refers to drivers.o(i.LED_Config) for LED_Config
    main.o(i.main) refers to drivers.o(i.ADC0_Config) for ADC0_Config
    main.o(i.main) refers to drivers.o(i.UART0_Config) for UART0_Config
    main.o(i.main) refers to drivers.o(i.UART1_Config) for UART1_Config
    main.o(i.main) refers to drivers.o(i.Output_Config) for Output_Config
    main.o(i.main) refers to arm_fill_q15.o(.text) for arm_fill_q15
    main.o(i.main) refers to drivers.o(i.LED_On) for LED_On
    main.o(i.main) refers to main.o(i.Hand_Action) for Hand_Action
    main.o(i.main) refers to arm_q15_to_float.o(.text) for arm_q15_to_float
    main.o(i.main) refers to f2d.o(x$fpl$f2d) for __aeabi_f2d
    main.o(i.main) refers to noretval__2sprintf.o(.text) for __2sprintf
    main.o(i.main) refers to drivers.o(i.UART0_putString) for UART0_putString
    main.o(i.main) refers to drivers.o(i.LED_Off) for LED_Off
    main.o(i.main) refers to system_mk20d7.o(.data) for SystemCoreClock
    main.o(i.main) refers to main.o(.data) for little_f
    main.o(i.main) refers to main.o(.bss) for command
    drivers.o(i.ADC0_Read) refers to drivers.o(.constdata) for channel2sc1a
    drivers.o(i.PIT_Init) refers to drivers.o(i.__NVIC_EnableIRQ) for __NVIC_EnableIRQ
    drivers.o(i.PIT_Init) refers to system_mk20d7.o(.data) for SystemCoreClock
    drivers.o(i.UART0_Config) refers to drivers.o(i.__NVIC_EnableIRQ) for __NVIC_EnableIRQ
    drivers.o(i.UART0_putString) refers to drivers.o(i.UART0_send) for UART0_send
    drivers.o(i.UART1_Config) refers to drivers.o(i.__NVIC_EnableIRQ) for __NVIC_EnableIRQ
    drivers.o(i.UART1_putString) refers to drivers.o(i.UART1_send) for UART1_send
    finger.o(i.Finger_Action) refers to finger.o(i.Finger_Stop) for Finger_Stop
    finger.o(i.Finger_Action) refers to arm_mean_q15.o(.text) for arm_mean_q15
    finger.o(i.Finger_Action) refers to finger.o(i.Finger_Close) for Finger_Close
    finger.o(i.Finger_Action) refers to dflt_clz.o(x$fpl$dfltu) for __aeabi_ui2d
    finger.o(i.Finger_Action) refers to ddiv.o(x$fpl$ddiv) for __aeabi_ddiv
    finger.o(i.Finger_Action) refers to dfixu.o(x$fpl$dfixu) for __aeabi_d2uiz
    finger.o(i.Finger_Action) refers to finger.o(i.Finger_Open) for Finger_Open
    finger.o(i.Finger_ActionTime) refers to finger.o(i.Finger_Stop) for Finger_Stop
    finger.o(i.Finger_ActionTime) refers to finger.o(i.Finger_Close) for Finger_Close
    finger.o(i.Finger_ActionTime) refers to finger.o(i.Finger_Open) for Finger_Open
    finger.o(i.Finger_Close) refers to finger.o(.data) for fingers_addr
    finger.o(i.Finger_Close) refers to finger.o(.constdata) for fingers_mask
    finger.o(i.Finger_Open) refers to finger.o(.data) for fingers_addr
    finger.o(i.Finger_Open) refers to finger.o(.constdata) for fingers_mask
    finger.o(i.Finger_Stop) refers to finger.o(.data) for fingers_addr
    finger.o(i.Finger_Stop) refers to finger.o(.constdata) for fingers_mask
    startup_mk20d7.o(STACK) refers (Special) to heapauxi.o(.text) for __use_two_region_memory
    startup_mk20d7.o(HEAP) refers (Special) to heapauxi.o(.text) for __use_two_region_memory
    startup_mk20d7.o(RESET) refers (Special) to heapauxi.o(.text) for __use_two_region_memory
    startup_mk20d7.o(RESET) refers to startup_mk20d7.o(STACK) for __initial_sp
    startup_mk20d7.o(RESET) refers to startup_mk20d7.o(.text) for Reset_Handler
    startup_mk20d7.o(RESET) refers to main.o(i.SysTick_Handler) for SysTick_Handler
    startup_mk20d7.o(RESET) refers to main.o(i.UART1_RX_TX_IRQHandler) for UART1_RX_TX_IRQHandler
[...]
    btod.o(CL$$btod_emul) refers (Special) to usenofp.o(x$fpl$usenofp) for __I$use$fp
    btod.o(CL$$btod_emul) refers to btod.o(CL$$btod_mult_common) for __btod_mult_common
    btod.o(CL$$btod_emul) refers to btod.o(CL$$btod_e2e) for _e2e
    btod.o(CL$$btod_ediv) refers (Special) to usenofp.o(x$fpl$usenofp) for __I$use$fp
    btod.o(CL$$btod_ediv) refers to btod.o(CL$$btod_div_common) for __btod_div_common
    btod.o(CL$$btod_ediv) refers to btod.o(CL$$btod_e2e) for _e2e
    btod.o(CL$$btod_emuld) refers (Special) to usenofp.o(x$fpl$usenofp) for __I$use$fp
    btod.o(CL$$btod_emuld) refers to btod.o(CL$$btod_mult_common) for __btod_mult_common
    btod.o(CL$$btod_emuld) refers to btod.o(CL$$btod_e2d) for _e2d
    btod.o(CL$$btod_edivd) refers (Special) to usenofp.o(x$fpl$usenofp) for __I$use$fp
    btod.o(CL$$btod_edivd) refers to btod.o(CL$$btod_div_common) for __btod_div_common
    btod.o(CL$$btod_edivd) refers to btod.o(CL$$btod_e2d) for _e2d
    btod.o(CL$$btod_e2e) refers (Special) to usenofp.o(x$fpl$usenofp) for __I$use$fp
    btod.o(CL$$btod_e2d) refers (Special) to usenofp.o(x$fpl$usenofp) for __I$use$fp
    btod.o(CL$$btod_e2d) refers to btod.o(CL$$btod_e2e) for _e2e
    btod.o(CL$$btod_mult_common) refers (Special) to usenofp.o(x$fpl$usenofp) for __I$use$fp
    btod.o(CL$$btod_div_common) refers (Special) to usenofp.o(x$fpl$usenofp) for __I$use$fp
    lc_numeric_c.o(locale$$data) refers (Special) to libinit2.o(.ARM.Collect$$libinit$$00000016) for __rt_lib_init_lc_numeric_2
    lc_numeric_c.o(locale$$code) refers (Special) to libinit2.o(.ARM.Collect$$libinit$$00000016) for __rt_lib_init_lc_numeric_2
    lc_numeric_c.o(locale$$code) refers to strcmpv7m.o(.text) for strcmp
    lc_numeric_c.o(locale$$code) refers to lc_numeric_c.o(locale$$data) for __lcnum_c_name
    istatus.o(x$fpl$ieeestatus) refers (Special) to usenofp.o(x$fpl$usenofp) for __I$use$fp
    retnan.o(x$fpl$retnan) refers (Special) to usenofp.o(x$fpl$usenofp) for __I$use$fp
    retnan.o(x$fpl$retnan) refers to trapv.o(x$fpl$trapveneer) for __fpl_cmpreturn
    fpclassify.o(i.__ARM_fpclassify) refers (Special) to usenofp.o(x$fpl$usenofp) for __I$use$fp
    libspace.o(.text) refers to libspace.o(.bss) for __libspace_start
    sys_stackheap_outer.o(.text) refers to libspace.o(.text) for __user_perproc_libspace
    sys_stackheap_outer.o(.text) refers to startup_mk20d7.o(.text) for __user_initial_stackheap
    exit.o(.text) refers to rtexit.o(.ARM.Collect$$rtexit$$00000000) for __rt_exit
    libinit.o(.ARM.Collect$$libinit$$00000000) refers (Special) to libinit2.o(.ARM.Collect$$libinit$$0000002E) for __rt_lib_init_alloca_1
    libinit.o(.ARM.Collect$$libinit$$00000000) refers (Special) to libinit2.o(.ARM.Collect$$libinit$$0000002C) for __rt_lib_init_argv_1
    libinit.o(.ARM.Collect$$libinit$$00000000) refers (Special) to libinit2.o(.ARM.Collect$$libinit$$0000001B) for __rt_lib_init_atexit_1
    libinit.o(.ARM.Collect$$libinit$$00000000) refers (Special) to libinit2.o(.ARM.Collect$$libinit$$00000021) for __rt_lib_init_clock_1
    libinit.o(.ARM.Collect$$libinit$$00000000) refers (Special) to libinit2.o(.ARM.Collect$$libinit$$00000032) for __rt_lib_init_cpp_1
    libinit.o(.ARM.Collect$$libinit$$00000000) refers (Special) to libinit2.o(.ARM.Collect$$libinit$$00000030) for __rt_lib_init_exceptions_1
    libinit.o(.ARM.Collect$$libinit$$00000000) refers (Special) to libinit2.o(.ARM.Collect$$libinit$$00000002) for __rt_lib_init_fp_1
    libinit.o(.ARM.Collect$$libinit$$00000000) refers (Special) to libinit2.o(.ARM.Collect$$libinit$$0000001F) for __rt_lib_init_fp_trap_1
    libinit.o(.ARM.Collect$$libinit$$00000000) refers (Special) to libinit2.o(.ARM.Collect$$libinit$$00000023) for __rt_lib_init_getenv_1
    libinit.o(.ARM.Collect$$libinit$$00000000) refers (Special) to libinit2.o(.ARM.Collect$$libinit$$0000000A) for __rt_lib_init_heap_1
    libinit.o(.ARM.Collect$$libinit$$00000000) refers (Special) to libinit2.o(.ARM.Collect$$libinit$$00000011) for __rt_lib_init_lc_collate_1
    libinit.o(.ARM.Collect$$libinit$$00000000) refers (Special) to libinit2.o(.ARM.Collect$$libinit$$00000013) for __rt_lib_init_lc_ctype_1
    libinit.o(.ARM.Collect$$libinit$$00000000) refers (Special) to libinit2.o(.ARM.Collect$$libinit$$00000015) for __rt_lib_init_lc_monetary_1
    libinit.o(.ARM.Collect$$libinit$$00000000) refers (Special) to libinit2.o(.ARM.Collect$$libinit$$00000017) for __rt_lib_init_lc_numeric_1
    libinit.o(.ARM.Collect$$libinit$$00000000) refers (Special) to libinit2.o(.ARM.Collect$$libinit$$00000019) for __rt_lib_init_lc_time_1
    libinit.o(.ARM.Collect$$libinit$$00000000) refers (Special) to libinit2.o(.ARM.Collect$$libinit$$00000004) for __rt_lib_init_preinit_1
    libinit.o(.ARM.Collect$$libinit$$00000000) refers (Special) to libinit2.o(.ARM.Collect$$libinit$$0000000E) for __rt_lib_init_rand_1
    libinit.o(.ARM.Collect$$libinit$$00000000) refers (Special) to libinit2.o(.ARM.Collect$$libinit$$00000033) for __rt_lib_init_return
    libinit.o(.ARM.Collect$$libinit$$00000000) refers (Special) to libinit2.o(.ARM.Collect$$libinit$$0000001D) for __rt_lib_init_signal_1
    libinit.o(.ARM.Collect$$libinit$$00000000) refers (Special) to libinit2.o(.ARM.Collect$$libinit$$00000025) for __rt_lib_init_stdio_1
    libinit.o(.ARM.Collect$$libinit$$00000000) refers (Special) to libinit2.o(.ARM.Collect$$libinit$$0000000C) for __rt_lib_init_user_alloc_1
    libinit2.o(.ARM.Collect$$libinit$$0000000F) refers (Weak) to rt_locale_intlibspace.o(.text) for __rt_locale
    libinit2.o(.ARM.Collect$$libinit$$00000010) refers to libinit2.o(.ARM.Collect$$libinit$$0000000F) for .ARM.Collect$$libinit$$0000000F
    libinit2.o(.ARM.Collect$$libinit$$00000012) refers to libinit2.o(.ARM.Collect$$libinit$$0000000F) for .ARM.Collect$$libinit$$0000000F
    libinit2.o(.ARM.Collect$$libinit$$00000014) refers to libinit2.o(.ARM.Collect$$libinit$$0000000F) for .ARM.Collect$$libinit$$0000000F
    libinit2.o(.ARM.Collect$$libinit$$00000016) refers to libinit2.o(.ARM.Collect$$libinit$$0000000F) for .ARM.Collect$$libinit$$0000000F
    libinit2.o(.ARM.Collect$$libinit$$00000016) refers (Weak) to lc_numeric_c.o(locale$$code) for _get_lc_numeric
    libinit2.o(.ARM.Collect$$libinit$$00000018) refers to libinit2.o(.ARM.Collect$$libinit$$0000000F) for .ARM.Collect$$libinit$$0000000F
    libinit2.o(.ARM.Collect$$libinit$$00000026) refers to argv_veneer.o(.emb_text) for __ARM_argv_veneer
    libinit2.o(.ARM.Collect$$libinit$$00000027) refers to argv_veneer.o(.emb_text) for __ARM_argv_veneer
    trapv.o(x$fpl$trapveneer) refers (Special) to usenofp.o(x$fpl$usenofp) for __I$use$fp
    rtexit.o(.ARM.Collect$$rtexit$$00000000) refers (Special) to rtexit2.o(.ARM.Collect$$rtexit$$00000004) for __rt_exit_exit
    rtexit.o(.ARM.Collect$$rtexit$$00000000) refers (Special) to rtexit2.o(.ARM.Collect$$rtexit$$00000003) for __rt_exit_ls
    rtexit.o(.ARM.Collect$$rtexit$$00000000) refers (Special) to rtexit2.o(.ARM.Collect$$rtexit$$00000002) for __rt_exit_prels_1
    rtexit.o(.ARM.exidx) refers (Special) to rtexit2.o(.ARM.Collect$$rtexit$$00000004) for __rt_exit_exit
    rtexit.o(.ARM.exidx) refers (Special) to rtexit2.o(.ARM.Collect$$rtexit$$00000003) for __rt_exit_ls
    rtexit.o(.ARM.exidx) refers (Special) to rtexit2.o(.ARM.Collect$$rtexit$$00000002) for __rt_exit_prels_1
    rtexit.o(.ARM.exidx) refers to rtexit.o(.ARM.Collect$$rtexit$$00000000) for .ARM.Collect$$rtexit$$00000000
    argv_veneer.o(.emb_text) refers to no_argv.o(.text) for __ARM_get_argv
    rtexit2.o(.ARM.Collect$$rtexit$$00000003) refers to libshutdown.o(.ARM.Collect$$libshutdown$$00000000) for __rt_lib_shutdown
    rtexit2.o(.ARM.Collect$$rtexit$$00000004) refers to sys_exit.o(.text) for _sys_exit
    rtexit2.o(.ARM.exidx) refers to rtexit2.o(.ARM.Collect$$rtexit$$00000001) for .ARM.Collect$$rtexit$$00000001
    rtexit2.o(.ARM.exidx) refers to rtexit2.o(.ARM.Collect$$rtexit$$00000003) for .ARM.Collect$$rtexit$$00000003
    rtexit2.o(.ARM.exidx) refers to rtexit2.o(.ARM.Collect$$rtexit$$00000004) for .ARM.Collect$$rtexit$$00000004
    _get_argv_nomalloc.o(.text) refers (Special) to hrguard.o(.text) for __heap_region$guard
    _get_argv_nomalloc.o(.text) refers to defsig_rtmem_outer.o(.text) for __rt_SIGRTMEM
    _get_argv_nomalloc.o(.text) refers to sys_command.o(.text) for _sys_command_string
    sys_command.o(.text) refers (Special) to use_no_semi.o(.text) for __I$use$semihosting
    sys_command.o(.text) refers (Special) to indicate_semi.o(.text) for __semihosting_library_function
    sys_exit.o(.text) refers (Special) to use_no_semi.o(.text) for __I$use$semihosting
    sys_exit.o(.text) refers (Special) to indicate_semi.o(.text) for __semihosting_library_function
    defsig_rtmem_outer.o(.text) refers to defsig_rtmem_inner.o(.text) for __rt_SIGRTMEM_inner
    defsig_rtmem_outer.o(.text) refers to defsig_exit.o(.text) for __sig_exit
    defsig_rtmem_formal.o(.text) refers to rt_raise.o(.text) for __rt_raise
    libshutdown.o(.ARM.Collect$$libshutdown$$00000000) refers (Special) to libshutdown2.o(.ARM.Collect$$libshutdown$$00000002) for __rt_lib_shutdown_cpp_1
    libshutdown.o(.ARM.Collect$$libshutdown$$00000000) refers (Special) to libshutdown2.o(.ARM.Collect$$libshutdown$$00000007) for __rt_lib_shutdown_fp_trap_1
    libshutdown.o(.ARM.Collect$$libshutdown$$00000000) refers (Special) to libshutdown2.o(.ARM.Collect$$libshutdown$$0000000F) for __rt_lib_shutdown_heap_1
    libshutdown.o(.ARM.Collect$$libshutdown$$00000000) refers (Special) to libshutdown2.o(.ARM.Collect$$libshutdown$$00000010) for __rt_lib_shutdown_return
    libshutdown.o(.ARM.Collect$$libshutdown$$00000000) refers (Special) to libshutdown2.o(.ARM.Collect$$libshutdown$$0000000A) for __rt_lib_shutdown_signal_1
    libshutdown.o(.ARM.Collect$$libshutdown$$00000000) refers (Special) to libshutdown2.o(.ARM.Collect$$libshutdown$$00000004) for __rt_lib_shutdown_stdio_1
    libshutdown.o(.ARM.Collect$$libshutdown$$00000000) refers (Special) to libshutdown2.o(.ARM.Collect$$libshutdown$$0000000C) for __rt_lib_shutdown_user_alloc_1
    rt_raise.o(.text) refers to __raise.o(.text) for __raise
    rt_raise.o(.text) refers to sys_exit.o(.text) for _sys_exit
    defsig_exit.o(.text) refers to sys_exit.o(.text) for _sys_exit
    defsig_rtmem_inner.o(.text) refers to defsig_general.o(.text) for __default_signal_display
    __raise.o(.text) refers to defsig.o(CL$$defsig) for __default_signal_handler
    defsig_general.o(.text) refers to sys_wrch.o(.text) for _ttywrch
    sys_wrch.o(.text) refers (Special) to use_no_semi.o(.text) for __I$use$semihosting
    sys_wrch.o(.text) refers (Special) to indicate_semi.o(.text) for __semihosting_library_function
    defsig.o(CL$$defsig) refers to defsig_rtmem_inner.o(.text) for __rt_SIGRTMEM_inner
    defsig_abrt_inner.o(.text) refers to defsig_general.o(.text) for __default_signal_display
    defsig_fpe_inner.o(.text) refers to defsig_general.o(.text) for __default_signal_display
    defsig_rtred_inner.o(.text) refers to defsig_general.o(.text) for __default_signal_display
    defsig_stak_inner.o(.text) refers to defsig_general.o(.text) for __default_signal_display
    defsig_pvfn_inner.o(.text) refers to defsig_general.o(.text) for __default_signal_display
    defsig_cppl_inner.o(.text) refers to defsig_general.o(.text) for __default_signal_display
    defsig_segv_inner.o(.text) refers to defsig_general.o(.text) for __default_signal_display
    defsig_other.o(.text) refers to defsig_general.o(.text) for __default_signal_display


==============================================================================

Removing Unused input sections from the image.

    Removing main.o(.rev16_text), (4 bytes).
    Removing main.o(.revsh_text), (4 bytes).
    Removing main.o(.rrx_text), (6 bytes).
    Removing drivers.o(.rev16_text), (4 bytes).
    Removing drivers.o(.revsh_text), (4 bytes).
    Removing drivers.o(.rrx_text), (6 bytes).
    Removing drivers.o(i.LED_Toggle), (24 bytes).
    Removing drivers.o(i.PIT_Init), (76 bytes).
    Removing drivers.o(i.QD_Init), (100 bytes).
    Removing drivers.o(i.UART1_putString), (22 bytes).
    Removing drivers.o(i.UART1_send), (24 bytes).
    Removing finger.o(.rev16_text), (4 bytes).
    Removing finger.o(.revsh_text), (4 bytes).
    Removing finger.o(.rrx_text), (6 bytes).
    Removing finger.o(i.Finger_Rotation), (2 bytes).
    Removing system_mk20d7.o(.rev16_text), (4 bytes).
    Removing system_mk20d7.o(.revsh_text), (4 bytes).
    Removing system_mk20d7.o(.rrx_text), (6 bytes).
    Removing system_mk20d7.o(i.SystemCoreClockUpdate), (2 bytes).
    Removing arm_mean_q15.o(.rev16_text), (4 bytes).
    Removing arm_mean_q15.o(.revsh_text), (4 bytes).
    Removing arm_mean_q15.o(.rrx_text), (6 bytes).
    Removing arm_fill_q15.o(.rev16_text), (4 bytes).
    Removing arm_fill_q15.o(.revsh_text), (4 bytes).
    Removing arm_fill_q15.o(.rrx_text), (6 bytes).
    Removing arm_q15_to_float.o(.rev16_text), (4 bytes).
    Removing arm_q15_to_float.o(.revsh_text), (4 bytes).
    Removing arm_q15_to_float.o(.rrx_text), (6 bytes).

28 unused section(s) (total 348 bytes) removed from the image.

==============================================================================

Image Symbol Table

    Local Symbols

    Symbol Name                              Value     Ov Type        Size  Object(Section)

    RESET                                    0x00000000   Section     1024  startup_mk20d7.o(RESET)
    ../clib/angel/boardlib.s                 0x00000000   Number         0  boardinit3.o ABSOLUTE
    ../clib/angel/boardlib.s                 0x00000000   Number         0  boardinit2.o ABSOLUTE
    ../clib/angel/boardlib.s                 0x00000000   Number         0  boardinit1.o ABSOLUTE
    ../clib/angel/boardlib.s                 0x00000000   Number         0  boardshut.o ABSOLUTE
    ../clib/angel/dczerorl2.s                0x00000000   Number         0  __dczerorl2.o ABSOLUTE
    ../clib/angel/handlers.s                 0x00000000   Number         0  __scatter_zi.o ABSOLUTE
    ../clib/angel/kernel.s                   0x00000000   Number         0  rtexit.o ABSOLUTE
    ../clib/angel/kernel.s                   0x00000000   Number         0  rtexit2.o ABSOLUTE
    ../clib/angel/kernel.s                   0x00000000   Number         0  __rtentry2.o ABSOLUTE
    ../clib/angel/kernel.s                   0x00000000   Number         0  __rtentry4.o ABSOLUTE
    ../clib/angel/kernel.s                   0x00000000   Number         0  __rtentry.o ABSOLUTE
    ../clib/angel/rt.s                       0x00000000   Number         0  rt_locale_intlibspace.o ABSOLUTE
    ../clib/angel/rt.s                       0x00000000   Number         0  rt_locale.o ABSOLUTE
    ../clib/angel/rt.s                       0x00000000   Number         0  rt_raise.o ABSOLUTE
    ../clib/angel/scatter.s                  0x00000000   Number         0  __scatter.o ABSOLUTE
    ../clib/angel/startup.s                  0x00000000   Number         0  __main.o ABSOLUTE
    ../clib/angel/sys.s                      0x00000000   Number         0  sys_stackheap_outer.o ABSOLUTE
    ../clib/angel/sys.s                      0x00000000   Number         0  indicate_semi.o ABSOLUTE
    ../clib/angel/sys.s                      0x00000000   Number         0  libspace.o ABSOLUTE
    ../clib/angel/sys.s                      0x00000000   Number         0  use_no_semi.o ABSOLUTE
    ../clib/angel/sysapp.c                   0x00000000   Number         0  sys_exit.o ABSOLUTE
    ../clib/angel/sysapp.c                   0x00000000   Number         0  sys_wrch.o ABSOLUTE
    ../clib/angel/sysapp.c                   0x00000000   Number         0  sys_command.o ABSOLUTE
    ../clib/armsys.c                         0x00000000   Number         0  no_argv.o ABSOLUTE
    ../clib/armsys.c                         0x00000000   Number         0  _get_argv_nomalloc.o ABSOLUTE
    ../clib/armsys.c                         0x00000000   Number         0  argv_veneer.o ABSOLUTE
    ../clib/armsys.c                         0x00000000   Number         0  argv_veneer.o ABSOLUTE
    ../clib/bigflt.c                         0x00000000   Number         0  bigflt0.o ABSOLUTE
    ../clib/btod.s                           0x00000000   Number         0  btod.o ABSOLUTE
    ../clib/heapalloc.c                      0x00000000   Number         0  hrguard.o ABSOLUTE
    ../clib/heapaux.c                        0x00000000   Number         0  heapauxi.o ABSOLUTE
    ../clib/libinit.s                        0x00000000   Number         0  libinit2.o ABSOLUTE
    ../clib/libinit.s                        0x00000000   Number         0  libshutdown2.o ABSOLUTE
    ../clib/libinit.s                        0x00000000   Number         0  libshutdown.o ABSOLUTE
    ../clib/libinit.s                        0x00000000   Number         0  libinit.o ABSOLUTE
    ../clib/locale.s                         0x00000000   Number         0  lc_numeric_c.o ABSOLUTE
    ../clib/longlong.s                       0x00000000   Number         0  lludiv10.o ABSOLUTE
    ../clib/memcpset.s                       0x00000000   Number         0  strcmpv7m.o ABSOLUTE
    ../clib/printf.c                         0x00000000   Number         0  __printf_ss_wp.o ABSOLUTE
    ../clib/printf.c                         0x00000000   Number         0  __2sprintf.o ABSOLUTE
    ../clib/printf.c                         0x00000000   Number         0  noretval__2sprintf.o ABSOLUTE
    ../clib/printf.c                         0x00000000   Number         0  __printf.o ABSOLUTE
    ../clib/printf.c                         0x00000000   Number         0  _printf_dec.o ABSOLUTE
    ../clib/printf.c                         0x00000000   Number         0  __printf_flags.o ABSOLUTE
    ../clib/printf.c                         0x00000000   Number         0  __printf_ss.o ABSOLUTE
    ../clib/printf.c                         0x00000000   Number         0  __printf_flags_ss.o ABSOLUTE
    ../clib/printf.c                         0x00000000   Number         0  __printf_wp.o ABSOLUTE
    ../clib/printf.c                         0x00000000   Number         0  __printf_flags_wp.o ABSOLUTE
    ../clib/printf.c                         0x00000000   Number         0  __printf_nopercent.o ABSOLUTE
    ../clib/printf.c                         0x00000000   Number         0  _printf_fp_infnan.o ABSOLUTE
    ../clib/printf.c                         0x00000000   Number         0  __printf_flags_ss_wp.o ABSOLUTE
    ../clib/printf.c                         0x00000000   Number         0  _printf_intcommon.o ABSOLUTE
    ../clib/printf.c                         0x00000000   Number         0  _printf_fp_dec.o ABSOLUTE
    ../clib/printf.c                         0x00000000   Number         0  _printf_char_common.o ABSOLUTE
    ../clib/printf.c                         0x00000000   Number         0  _sputc.o ABSOLUTE
    ../clib/printf_percent.s                 0x00000000   Number         0  _printf_percent.o ABSOLUTE
    ../clib/printf_percent.s                 0x00000000   Number         0  _printf_f.o ABSOLUTE
    ../clib/printf_percent.s                 0x00000000   Number         0  _printf_d.o ABSOLUTE
    ../clib/printf_percent.s                 0x00000000   Number         0  _printf_percent_end.o ABSOLUTE
    ../clib/signal.c                         0x00000000   Number         0  defsig_other.o ABSOLUTE
    ../clib/signal.c                         0x00000000   Number         0  defsig_exit.o ABSOLUTE
    ../clib/signal.c                         0x00000000   Number         0  defsig_rtmem_outer.o ABSOLUTE
    ../clib/signal.c                         0x00000000   Number         0  defsig_rtmem_inner.o ABSOLUTE
    ../clib/signal.c                         0x00000000   Number         0  defsig_fpe_inner.o ABSOLUTE
    ../clib/signal.c                         0x00000000   Number         0  defsig_rtred_inner.o ABSOLUTE
    ../clib/signal.c                         0x00000000   Number         0  defsig_pvfn_inner.o ABSOLUTE
    ../clib/signal.c                         0x00000000   Number         0  defsig_stak_inner.o ABSOLUTE
    ../clib/signal.c                         0x00000000   Number         0  defsig_segv_inner.o ABSOLUTE
    ../clib/signal.c                         0x00000000   Number         0  defsig_abrt_inner.o ABSOLUTE
    ../clib/signal.c                         0x00000000   Number         0  defsig_cppl_inner.o ABSOLUTE
    ../clib/signal.c                         0x00000000   Number         0  defsig_general.o ABSOLUTE
    ../clib/signal.c                         0x00000000   Number         0  defsig_rtmem_formal.o ABSOLUTE
    ../clib/signal.c                         0x00000000   Number         0  __raise.o ABSOLUTE
    ../clib/signal.s                         0x00000000   Number         0  defsig.o ABSOLUTE
    ../clib/stdlib.c                         0x00000000   Number         0  exit.o ABSOLUTE
    ../fplib/ddiv.s                          0x00000000   Number         0  ddiv.o ABSOLUTE
    ../fplib/dfixu.s                         0x00000000   Number         0  dfixu.o ABSOLUTE
    ../fplib/dflt.s                          0x00000000   Number         0  dflt_clz.o ABSOLUTE
    ../fplib/dnaninf.s                       0x00000000   Number         0  dnaninf.o ABSOLUTE
    ../fplib/dretinf.s                       0x00000000   Number         0  dretinf.o ABSOLUTE
    ../fplib/f2d.s                           0x00000000   Number         0  f2d.o ABSOLUTE
    ../fplib/fcheck1.s                       0x00000000   Number         0  fcheck1.o ABSOLUTE
    ../fplib/fflt.s                          0x00000000   Number         0  fflt_clz.o ABSOLUTE
    ../fplib/fnaninf.s                       0x00000000   Number         0  fnaninf.o ABSOLUTE
    ../fplib/fpinit.s                        0x00000000   Number         0  fpinit.o ABSOLUTE
    ../fplib/istatus.s                       0x00000000   Number         0  istatus.o ABSOLUTE
    ../fplib/printf1.s                       0x00000000   Number         0  printf1.o ABSOLUTE
    ../fplib/retnan.s                        0x00000000   Number         0  retnan.o ABSOLUTE
    ../fplib/scalbnf.s                       0x00000000   Number         0  scalbnf.o ABSOLUTE
    ../fplib/trapv.s                         0x00000000   Number         0  trapv.o ABSOLUTE
    ../fplib/usenofp.s                       0x00000000   Number         0  usenofp.o ABSOLUTE
    ../mathlib/fpclassify.c                  0x00000000   Number         0  fpclassify.o ABSOLUTE
    ..\..\Source\StatisticsFunctions\arm_mean_q15.c 0x00000000   Number         0  arm_mean_q15.o ABSOLUTE
    ..\..\Source\SupportFunctions\arm_fill_q15.c 0x00000000   Number         0  arm_fill_q15.o ABSOLUTE
    ..\..\Source\SupportFunctions\arm_q15_to_float.c 0x00000000   Number         0  arm_q15_to_float.o ABSOLUTE
    ..\\..\\Source\\StatisticsFunctions\\arm_mean_q15.c 0x00000000   Number         0  arm_mean_q15.o ABSOLUTE
    ..\\..\\Source\\SupportFunctions\\arm_fill_q15.c 0x00000000   Number         0  arm_fill_q15.o ABSOLUTE
    ..\\..\\Source\\SupportFunctions\\arm_q15_to_float.c 0x00000000   Number         0  arm_q15_to_float.o ABSOLUTE
    RTE\Device\MK20DX256xxx7\startup_MK20D7.s 0x00000000   Number         0  startup_mk20d7.o ABSOLUTE
    RTE\Device\MK20DX256xxx7\system_MK20D7.c 0x00000000   Number         0  system_mk20d7.o ABSOLUTE
    RTE\\Device\\MK20DX256xxx7\\system_MK20D7.c 0x00000000   Number         0  system_mk20d7.o ABSOLUTE
    dc.s                                     0x00000000   Number         0  dc.o ABSOLUTE
    drivers.c                                0x00000000   Number         0  drivers.o ABSOLUTE
    drivers.c                                0x00000000   Number         0  drivers.o ABSOLUTE
    finger.c                                 0x00000000   Number         0  finger.o ABSOLUTE
    finger.c                                 0x00000000   Number         0  finger.o ABSOLUTE
    main.c                                   0x00000000   Number         0  main.o ABSOLUTE
    main.c                                   0x00000000   Number         0  main.o ABSOLUTE
    .ARM.__at_0x400                          0x00000400   Section       16  startup_mk20d7.o(.ARM.__at_0x400)
    !!!main                                  0x00000410   Section        8  __main.o(!!!main)
    !!!scatter                               0x00000418   Section       52  __scatter.o(!!!scatter)
    !!dczerorl2                              0x0000044c   Section       90  __dczerorl2.o(!!dczerorl2)
    !!handler_zi                             0x000004a8   Section       28  __scatter_zi.o(!!handler_zi)
    .ARM.Collect$$_printf_percent$$00000000  0x000004c4   Section        0  _printf_percent.o(.ARM.Collect$$_printf_percent$$00000000)
    .ARM.Collect$$_printf_percent$$00000003  0x000004c4   Section        6  _printf_f.o(.ARM.Collect$$_printf_percent$$00000003)
    .ARM.Collect$$_printf_percent$$00000009  0x000004ca   Section        6  _printf_d.o(.ARM.Collect$$_printf_percent$$00000009)
    .ARM.Collect$$_printf_percent$$00000017  0x000004d0   Section        4  _printf_percent_end.o(.ARM.Collect$$_printf_percent$$00000017)
    .ARM.Collect$$libinit$$00000000          0x000004d4   Section        2  libinit.o(.ARM.Collect$$libinit$$00000000)
    .ARM.Collect$$libinit$$00000002          0x000004d6   Section        0  libinit2.o(.ARM.Collect$$libinit$$00000002)
    .ARM.Collect$$libinit$$00000004          0x000004d6   Section        0  libinit2.o(.ARM.Collect$$libinit$$00000004)
    .ARM.Collect$$libinit$$0000000A          0x000004d6   Section        0  libinit2.o(.ARM.Collect$$libinit$$0000000A)
    .ARM.Collect$$libinit$$0000000C          0x000004d6   Section        0  libinit2.o(.ARM.Collect$$libinit$$0000000C)
    .ARM.Collect$$libinit$$0000000E          0x000004d6   Section        0  libinit2.o(.ARM.Collect$$libinit$$0000000E)
    .ARM.Collect$$libinit$$0000000F          0x000004d6   Section        6  libinit2.o(.ARM.Collect$$libinit$$0000000F)
    .ARM.Collect$$libinit$$00000011          0x000004dc   Section        0  libinit2.o(.ARM.Collect$$libinit$$00000011)
    .ARM.Collect$$libinit$$00000013          0x000004dc   Section        0  libinit2.o(.ARM.Collect$$libinit$$00000013)
    .ARM.Collect$$libinit$$00000015          0x000004dc   Section        0  libinit2.o(.ARM.Collect$$libinit$$00000015)
    .ARM.Collect$$libinit$$00000016          0x000004dc   Section       10  libinit2.o(.ARM.Collect$$libinit$$00000016)
    .ARM.Collect$$libinit$$00000017          0x000004e6   Section        0  libinit2.o(.ARM.Collect$$libinit$$00000017)
    .ARM.Collect$$libinit$$00000019          0x000004e6   Section        0  libinit2.o(.ARM.Collect$$libinit$$00000019)
    .ARM.Collect$$libinit$$0000001B          0x000004e6   Section        0  libinit2.o(.ARM.Collect$$libinit$$0000001B)
    .ARM.Collect$$libinit$$0000001D          0x000004e6   Section        0  libinit2.o(.ARM.Collect$$libinit$$0000001D)
    .ARM.Collect$$libinit$$0000001F          0x000004e6   Section        0  libinit2.o(.ARM.Collect$$libinit$$0000001F)
    .ARM.Collect$$libinit$$00000021          0x000004e6   Section        0  libinit2.o(.ARM.Collect$$libinit$$00000021)
    .ARM.Collect$$libinit$$00000023          0x000004e6   Section        0  libinit2.o(.ARM.Collect$$libinit$$00000023)
    .ARM.Collect$$libinit$$00000025          0x000004e6   Section        0  libinit2.o(.ARM.Collect$$libinit$$00000025)
    .ARM.Collect$$libinit$$0000002C          0x000004e6   Section        0  libinit2.o(.ARM.Collect$$libinit$$0000002C)
    .ARM.Collect$$libinit$$0000002E          0x000004e6   Section        0  libinit2.o(.ARM.Collect$$libinit$$0000002E)
    .ARM.Collect$$libinit$$00000030          0x000004e6   Section        0  libinit2.o(.ARM.Collect$$libinit$$00000030)
    .ARM.Collect$$libinit$$00000032          0x000004e6   Section        0  libinit2.o(.ARM.Collect$$libinit$$00000032)
    .ARM.Collect$$libinit$$00000033          0x000004e6   Section        2  libinit2.o(.ARM.Collect$$libinit$$00000033)
    .ARM.Collect$$libshutdown$$00000000      0x000004e8   Section        2  libshutdown.o(.ARM.Collect$$libshutdown$$00000000)
    .ARM.Collect$$libshutdown$$00000002      0x000004ea   Section        0  libshutdown2.o(.ARM.Collect$$libshutdown$$00000002)
    .ARM.Collect$$libshutdown$$00000004      0x000004ea   Section        0  libshutdown2.o(.ARM.Collect$$libshutdown$$00000004)
    .ARM.Collect$$libshutdown$$00000007      0x000004ea   Section        0  libshutdown2.o(.ARM.Collect$$libshutdown$$00000007)
    .ARM.Collect$$libshutdown$$0000000A      0x000004ea   Section        0  libshutdown2.o(.ARM.Collect$$libshutdown$$0000000A)
    .ARM.Collect$$libshutdown$$0000000C      0x000004ea   Section        0  libshutdown2.o(.ARM.Collect$$libshutdown$$0000000C)
    .ARM.Collect$$libshutdown$$0000000F      0x000004ea   Section        0  libshutdown2.o(.ARM.Collect$$libshutdown$$0000000F)
    .ARM.Collect$$libshutdown$$00000010      0x000004ea   Section        2  libshutdown2.o(.ARM.Collect$$libshutdown$$00000010)
    .ARM.Collect$$rtentry$$00000000          0x000004ec   Section        0  __rtentry.o(.ARM.Collect$$rtentry$$00000000)
    .ARM.Collect$$rtentry$$00000002          0x000004ec   Section        0  __rtentry2.o(.ARM.Collect$$rtentry$$00000002)
    .ARM.Collect$$rtentry$$00000004          0x000004ec   Section        6  __rtentry4.o(.ARM.Collect$$rtentry$$00000004)
    .ARM.Collect$$rtentry$$00000009          0x000004f2   Section        0  __rtentry2.o(.ARM.Collect$$rtentry$$00000009)
    .ARM.Collect$$rtentry$$0000000A          0x000004f2   Section        4  __rtentry2.o(.ARM.Collect$$rtentry$$0000000A)
    .ARM.Collect$$rtentry$$0000000C          0x000004f6   Section        0  __rtentry2.o(.ARM.Collect$$rtentry$$0000000C)
    .ARM.Collect$$rtentry$$0000000D          0x000004f6   Section        8  __rtentry2.o(.ARM.Collect$$rtentry$$0000000D)
    .ARM.Collect$$rtexit$$00000000           0x000004fe   Section        2  rtexit.o(.ARM.Collect$$rtexit$$00000000)
    .ARM.Collect$$rtexit$$00000002           0x00000500   Section        0  rtexit2.o(.ARM.Collect$$rtexit$$00000002)
    .ARM.Collect$$rtexit$$00000003           0x00000500   Section        4  rtexit2.o(.ARM.Collect$$rtexit$$00000003)
    .ARM.Collect$$rtexit$$00000004           0x00000504   Section        6  rtexit2.o(.ARM.Collect$$rtexit$$00000004)
    .text                                    0x0000050c   Section       60  startup_mk20d7.o(.text)
    .text                                    0x00000548   Section        0  arm_mean_q15.o(.text)
    .text                                    0x00000608   Section        0  arm_fill_q15.o(.text)
    .text                                    0x00000682   Section        0  arm_q15_to_float.o(.text)
    .text                                    0x00000810   Section        0  noretval__2sprintf.o(.text)
    .text                                    0x00000838   Section        0  __printf.o(.text)
    .text                                    0x000008a0   Section        0  _printf_dec.o(.text)
    .text                                    0x00000918   Section        0  heapauxi.o(.text)
    .text                                    0x0000091e   Section        0  _printf_intcommon.o(.text)
    .text                                    0x000009d0   Section        0  _printf_fp_dec.o(.text)
    _fp_digits                               0x000009d3   Thumb Code   432  _printf_fp_dec.o(.text)
    .text                                    0x00000df0   Section        0  _printf_char_common.o(.text)
    _printf_input_char                       0x00000df1   Thumb Code    10  _printf_char_common.o(.text)
    .text                                    0x00000e20   Section        0  _sputc.o(.text)
    .text                                    0x00000e2c   Section        8  rt_locale_intlibspace.o(.text)
    .text                                    0x00000e34   Section      138  lludiv10.o(.text)
    .text                                    0x00000ec0   Section        0  _printf_fp_infnan.o(.text)
    .text                                    0x00000f40   Section        0  bigflt0.o(.text)
    .text                                    0x00001024   Section        8  libspace.o(.text)
    .text                                    0x0000102c   Section       74  sys_stackheap_outer.o(.text)
    .text                                    0x00001076   Section        0  exit.o(.text)
    .text                                    0x00001088   Section      128  strcmpv7m.o(.text)
    .text                                    0x00001108   Section        0  sys_exit.o(.text)
    .text                                    0x00001114   Section        2  use_no_semi.o(.text)
    .text                                    0x00001116   Section        0  indicate_semi.o(.text)
    CL$$btod_d2e                             0x00001116   Section       62  btod.o(CL$$btod_d2e)
    CL$$btod_d2e_denorm_low                  0x00001154   Section       70  btod.o(CL$$btod_d2e_denorm_low)
    CL$$btod_d2e_norm_op1                    0x0000119a   Section       96  btod.o(CL$$btod_d2e_norm_op1)
    CL$$btod_div_common                      0x000011fa   Section      824  btod.o(CL$$btod_div_common)
    CL$$btod_e2e                             0x00001532   Section      220  btod.o(CL$$btod_e2e)
    CL$$btod_ediv                            0x0000160e   Section       42  btod.o(CL$$btod_ediv)
    CL$$btod_emul                            0x00001638   Section       42  btod.o(CL$$btod_emul)
    CL$$btod_mult_common                     0x00001662   Section      580  btod.o(CL$$btod_mult_common)
    i.ADC0_Config                            0x000018a8   Section        0  drivers.o(i.ADC0_Config)
    i.ADC0_Read                              0x000018dc   Section        0  drivers.o(i.ADC0_Read)
    i.Finger_Action                          0x00001908   Section        0  finger.o(i.Finger_Action)
    i.Finger_ActionTime                      0x00001a04   Section        0  finger.o(i.Finger_ActionTime)
    i.Finger_Close                           0x00001ac8   Section        0  finger.o(i.Finger_Close)
    i.Finger_Open                            0x00001b28   Section        0  finger.o(i.Finger_Open)
    i.Finger_Stop                            0x00001b88   Section        0  finger.o(i.Finger_Stop)
    i.Finger_Timing                          0x00001be8   Section        0  finger.o(i.Finger_Timing)
    i.Hand_Action                            0x00001c1c   Section        0  main.o(i.Hand_Action)
    i.LED_Config                             0x00001ca8   Section        0  drivers.o(i.LED_Config)
    i.LED_Off                                0x00001ce8   Section        0  drivers.o(i.LED_Off)
    i.LED_On                                 0x00001d00   Section        0  drivers.o(i.LED_On)
    i.Output_Config                          0x00001d18   Section        0  drivers.o(i.Output_Config)
    i.SysTick_Handler                        0x00001df8   Section        0  main.o(i.SysTick_Handler)
    i.SystemInit                             0x00001edc   Section        0  system_mk20d7.o(i.SystemInit)
    i.UART0_Config                           0x0000205c   Section        0  drivers.o(i.UART0_Config)
    i.UART0_putString                        0x000020b8   Section        0  drivers.o(i.UART0_putString)
    i.UART0_send                             0x000020d0   Section        0  drivers.o(i.UART0_send)
    i.UART1_Config                           0x000020e8   Section        0  drivers.o(i.UART1_Config)
    i.UART1_RX_TX_IRQHandler                 0x00002144   Section        0  main.o(i.UART1_RX_TX_IRQHandler)
    i.__ARM_fpclassify                       0x000021f4   Section        0  fpclassify.o(i.__ARM_fpclassify)
    i.__NVIC_EnableIRQ                       0x0000221c   Section        0  drivers.o(i.__NVIC_EnableIRQ)
    __NVIC_EnableIRQ                         0x0000221d   Thumb Code    26  drivers.o(i.__NVIC_EnableIRQ)
    i.main                                   0x00002238   Section        0  main.o(i.main)
    locale$$code                             0x0000242c   Section       44  lc_numeric_c.o(locale$$code)
    x$fpl$ddiv                               0x00002458   Section      688  ddiv.o(x$fpl$ddiv)
    ddiv_entry                               0x0000245f   Thumb Code     0  ddiv.o(x$fpl$ddiv)
    x$fpl$dfixu                              0x00002708   Section       90  dfixu.o(x$fpl$dfixu)
    x$fpl$dfltu                              0x00002762   Section       38  dflt_clz.o(x$fpl$dfltu)
    x$fpl$dnaninf                            0x00002788   Section      156  dnaninf.o(x$fpl$dnaninf)
    x$fpl$dretinf                            0x00002824   Section       12  dretinf.o(x$fpl$dretinf)
    x$fpl$f2d                                0x00002830   Section       86  f2d.o(x$fpl$f2d)
    x$fpl$fcheck1                            0x00002888   Section       12  fcheck1.o(x$fpl$fcheck1)
    x$fpl$fflt                               0x00002894   Section       48  fflt_clz.o(x$fpl$fflt)
    x$fpl$fnaninf                            0x000028c4   Section      140  fnaninf.o(x$fpl$fnaninf)
    x$fpl$printf1                            0x00002950   Section        4  printf1.o(x$fpl$printf1)
    x$fpl$retnan                             0x00002954   Section      100  retnan.o(x$fpl$retnan)
    x$fpl$scalbnf                            0x000029b8   Section       76  scalbnf.o(x$fpl$scalbnf)
    x$fpl$trapveneer                         0x00002a04   Section       48  trapv.o(x$fpl$trapveneer)
    .constdata                               0x00002a34   Section       78  main.o(.constdata)
    x$fpl$usenofp                            0x00002a34   Section        0  usenofp.o(x$fpl$usenofp)
    .constdata                               0x00002a82   Section       23  drivers.o(.constdata)
    channel2sc1a                             0x00002a82   Data          23  drivers.o(.constdata)
    .constdata                               0x00002a9c   Section       48  finger.o(.constdata)
    .constdata                               0x00002acc   Section      148  bigflt0.o(.constdata)
    tenpwrs_x                                0x00002acc   Data          60  bigflt0.o(.constdata)
    tenpwrs_i                                0x00002b08   Data          64  bigflt0.o(.constdata)
    locale$$data                             0x00002b80   Section       28  lc_numeric_c.o(locale$$data)
    __lcnum_c_name                           0x00002b84   Data           2  lc_numeric_c.o(locale$$data)
    __lcnum_c_start                          0x00002b8c   Data           0  lc_numeric_c.o(locale$$data)
    __lcnum_c_point                          0x00002b98   Data           0  lc_numeric_c.o(locale$$data)
    __lcnum_c_thousands                      0x00002b9a   Data           0  lc_numeric_c.o(locale$$data)
    __lcnum_c_grouping                       0x00002b9b   Data           0  lc_numeric_c.o(locale$$data)
    __lcnum_c_end                            0x00002b9c   Data           0  lc_numeric_c.o(locale$$data)
    .data                                    0x20000000   Section      720  main.o(.data)
    .data                                    0x200002d0   Section       48  finger.o(.data)
    .data                                    0x20000300   Section        4  system_mk20d7.o(.data)
    .bss                                     0x20000304   Section       30  main.o(.bss)
    .bss                                     0x20000324   Section       96  libspace.o(.bss)
    HEAP                                     0x20000388   Section        0  startup_mk20d7.o(HEAP)
    STACK                                    0x20000388   Section     1024  startup_mk20d7.o(STACK)
    Heap_Mem                                 0x20000388   Data           0  startup_mk20d7.o(HEAP)
    Stack_Mem                                0x20000388   Data        1024  startup_mk20d7.o(STACK)
    __initial_sp                             0x20000788   Data           0  startup_mk20d7.o(STACK)

    Global Symbols

    Symbol Name                              Value     Ov Type        Size  Object(Section)

    BuildAttributes$$THM_ISAv4$E$P$D$K$B$S$7EM$PE$A:L22UL41UL21$X:L11$S22US41US21$IEEE1$IW$USESV6$~STKCKD$USESV7$~SHL$OTIME$ROPI$IEEEJ$EBA8$UX$STANDARDLIB$REQ8$PRES8$EABIv2 0x00000000   Number         0  anon$$obj.o ABSOLUTE
    __ARM_use_no_argv                        0x00000000   Number         0  main.o ABSOLUTE
    __Vectors                                0x00000000   Data           4  startup_mk20d7.o(RESET)
    __ARM_exceptions_init                     - Undefined Weak Reference
    __alloca_initialize                       - Undefined Weak Reference
    __arm_preinit_                            - Undefined Weak Reference
    __cpp_initialize__aeabi_                  - Undefined Weak Reference
    __cxa_finalize                            - Undefined Weak Reference
    __sigvec_lookup                           - Undefined Weak Reference
    _atexit_init                              - Undefined Weak Reference
    _call_atexit_fns                          - Undefined Weak Reference
    _clock_init                               - Undefined Weak Reference
    _fp_trap_init                             - Undefined Weak Reference
    _fp_trap_shutdown                         - Undefined Weak Reference
    _get_lc_collate                           - Undefined Weak Reference
    _get_lc_ctype                             - Undefined Weak Reference
    _get_lc_monetary                          - Undefined Weak Reference
    _get_lc_time                              - Undefined Weak Reference
    _getenv_init                              - Undefined Weak Reference
    _handle_redirection                       - Undefined Weak Reference
    _init_alloc                               - Undefined Weak Reference
    _init_user_alloc                          - Undefined Weak Reference
    _initio                                   - Undefined Weak Reference
    _printf_post_padding                      - Undefined Weak Reference
    _printf_pre_padding                       - Undefined Weak Reference
    _printf_truncate_signed                   - Undefined Weak Reference
    _printf_truncate_unsigned                 - Undefined Weak Reference
    _rand_init                                - Undefined Weak Reference
    _signal_finish                            - Undefined Weak Reference
    _signal_init                              - Undefined Weak Reference
    _terminate_alloc                          - Undefined Weak Reference
    _terminate_user_alloc                     - Undefined Weak Reference
    _terminateio                              - Undefined Weak Reference
    __Vectors_End                            0x00000400   Data           0  startup_mk20d7.o(RESET)
    __Vectors_Size                           0x00000400   Number         0  startup_mk20d7.o ABSOLUTE
    __main                                   0x00000411   Thumb Code     8  __main.o(!!!main)
    __scatterload                            0x00000419   Thumb Code     0  __scatter.o(!!!scatter)
    __scatterload_rt2                        0x00000419   Thumb Code    44  __scatter.o(!!!scatter)
    __scatterload_rt2_thumb_only             0x00000419   Thumb Code     0  __scatter.o(!!!scatter)
    __scatterload_null                       0x00000427   Thumb Code     0  __scatter.o(!!!scatter)
    __decompress                             0x0000044d   Thumb Code    90  __dczerorl2.o(!!dczerorl2)
    __decompress1                            0x0000044d   Thumb Code     0  __dczerorl2.o(!!dczerorl2)
    __scatterload_zeroinit                   0x000004a9   Thumb Code    28  __scatter_zi.o(!!handler_zi)
    _printf_f                                0x000004c5   Thumb Code     0  _printf_f.o(.ARM.Collect$$_printf_percent$$00000003)
    _printf_percent                          0x000004c5   Thumb Code     0  _printf_percent.o(.ARM.Collect$$_printf_percent$$00000000)
    _printf_d                                0x000004cb   Thumb Code     0  _printf_d.o(.ARM.Collect$$_printf_percent$$00000009)
    _printf_percent_end                      0x000004d1   Thumb Code     0  _printf_percent_end.o(.ARM.Collect$$_printf_percent$$00000017)
    __rt_lib_init                            0x000004d5   Thumb Code     0  libinit.o(.ARM.Collect$$libinit$$00000000)
    __rt_lib_init_fp_1                       0x000004d7   Thumb Code     0  libinit2.o(.ARM.Collect$$libinit$$00000002)
    __rt_lib_init_heap_1                     0x000004d7   Thumb Code     0  libinit2.o(.ARM.Collect$$libinit$$0000000A)
    __rt_lib_init_lc_common                  0x000004d7   Thumb Code     0  libinit2.o(.ARM.Collect$$libinit$$0000000F)
    __rt_lib_init_preinit_1                  0x000004d7   Thumb Code     0  libinit2.o(.ARM.Collect$$libinit$$00000004)
    __rt_lib_init_rand_1                     0x000004d7   Thumb Code     0  libinit2.o(.ARM.Collect$$libinit$$0000000E)
    __rt_lib_init_user_alloc_1               0x000004d7   Thumb Code     0  libinit2.o(.ARM.Collect$$libinit$$0000000C)
    __rt_lib_init_lc_collate_1               0x000004dd   Thumb Code     0  libinit2.o(.ARM.Collect$$libinit$$00000011)
    __rt_lib_init_lc_ctype_1                 0x000004dd   Thumb Code     0  libinit2.o(.ARM.Collect$$libinit$$00000013)
    __rt_lib_init_lc_monetary_1              0x000004dd   Thumb Code     0  libinit2.o(.ARM.Collect$$libinit$$00000015)
    __rt_lib_init_lc_numeric_2               0x000004dd   Thumb Code     0  libinit2.o(.ARM.Collect$$libinit$$00000016)
    __rt_lib_init_alloca_1                   0x000004e7   Thumb Code     0  libinit2.o(.ARM.Collect$$libinit$$0000002E)
    __rt_lib_init_argv_1                     0x000004e7   Thumb Code     0  libinit2.o(.ARM.Collect$$libinit$$0000002C)
    __rt_lib_init_atexit_1                   0x000004e7   Thumb Code     0  libinit2.o(.ARM.Collect$$libinit$$0000001B)
    __rt_lib_init_clock_1                    0x000004e7   Thumb Code     0  libinit2.o(.ARM.Collect$$libinit$$00000021)
    __rt_lib_init_cpp_1                      0x000004e7   Thumb Code     0  libinit2.o(.ARM.Collect$$libinit$$00000032)
    __rt_lib_init_exceptions_1               0x000004e7   Thumb Code     0  libinit2.o(.ARM.Collect$$libinit$$00000030)
    __rt_lib_init_fp_trap_1                  0x000004e7   Thumb Code     0  libinit2.o(.ARM.Collect$$libinit$$0000001F)
    __rt_lib_init_getenv_1                   0x000004e7   Thumb Code     0  libinit2.o(.ARM.Collect$$libinit$$00000023)
    __rt_lib_init_lc_numeric_1               0x000004e7   Thumb Code     0  libinit2.o(.ARM.Collect$$libinit$$00000017)
    __rt_lib_init_lc_time_1                  0x000004e7   Thumb Code     0  libinit2.o(.ARM.Collect$$libinit$$00000019)
    __rt_lib_init_return                     0x000004e7   Thumb Code     0  libinit2.o(.ARM.Collect$$libinit$$00000033)
    __rt_lib_init_signal_1                   0x000004e7   Thumb Code     0  libinit2.o(.ARM.Collect$$libinit$$0000001D)
    __rt_lib_init_stdio_1                    0x000004e7   Thumb Code     0  libinit2.o(.ARM.Collect$$libinit$$00000025)
    __rt_lib_shutdown                        0x000004e9   Thumb Code     0  libshutdown.o(.ARM.Collect$$libshutdown$$00000000)
    __rt_lib_shutdown_cpp_1                  0x000004eb   Thumb Code     0  libshutdown2.o(.ARM.Collect$$libshutdown$$00000002)
    __rt_lib_shutdown_fp_trap_1              0x000004eb   Thumb Code     0  libshutdown2.o(.ARM.Collect$$libshutdown$$00000007)
    __rt_lib_shutdown_heap_1                 0x000004eb   Thumb Code     0  libshutdown2.o(.ARM.Collect$$libshutdown$$0000000F)
    __rt_lib_shutdown_return                 0x000004eb   Thumb Code     0  libshutdown2.o(.ARM.Collect$$libshutdown$$00000010)
    __rt_lib_shutdown_signal_1               0x000004eb   Thumb Code     0  libshutdown2.o(.ARM.Collect$$libshutdown$$0000000A)
    __rt_lib_shutdown_stdio_1                0x000004eb   Thumb Code     0  libshutdown2.o(.ARM.Collect$$libshutdown$$00000004)
    __rt_lib_shutdown_user_alloc_1           0x000004eb   Thumb Code     0  libshutdown2.o(.ARM.Collect$$libshutdown$$0000000C)
    __rt_entry                               0x000004ed   Thumb Code     0  __rtentry.o(.ARM.Collect$$rtentry$$00000000)
    __rt_entry_presh_1                       0x000004ed   Thumb Code     0  __rtentry2.o(.ARM.Collect$$rtentry$$00000002)
    __rt_entry_sh                            0x000004ed   Thumb Code     0  __rtentry4.o(.ARM.Collect$$rtentry$$00000004)
    __rt_entry_li                            0x000004f3   Thumb Code     0  __rtentry2.o(.ARM.Collect$$rtentry$$0000000A)
    __rt_entry_postsh_1                      0x000004f3   Thumb Code     0  __rtentry2.o(.ARM.Collect$$rtentry$$00000009)
    __rt_entry_main                          0x000004f7   Thumb Code     0  __rtentry2.o(.ARM.Collect$$rtentry$$0000000D)
    __rt_entry_postli_1                      0x000004f7   Thumb Code     0  __rtentry2.o(.ARM.Collect$$rtentry$$0000000C)
    __rt_exit                                0x000004ff   Thumb Code     0  rtexit.o(.ARM.Collect$$rtexit$$00000000)
    __rt_exit_ls                             0x00000501   Thumb Code     0  rtexit2.o(.ARM.Collect$$rtexit$$00000003)
    __rt_exit_prels_1                        0x00000501   Thumb Code     0  rtexit2.o(.ARM.Collect$$rtexit$$00000002)
    __rt_exit_exit                           0x00000505   Thumb Code     0  rtexit2.o(.ARM.Collect$$rtexit$$00000004)
    Reset_Handler                            0x0000050d   Thumb Code     8  startup_mk20d7.o(.text)
    NMI_Handler                              0x00000515   Thumb Code     2  startup_mk20d7.o(.text)
    HardFault_Handler                        0x00000517   Thumb Code     2  startup_mk20d7.o(.text)
    MemManage_Handler                        0x00000519   Thumb Code     2  startup_mk20d7.o(.text)
    BusFault_Handler                         0x0000051b   Thumb Code     2  startup_mk20d7.o(.text)
    UsageFault_Handler                       0x0000051d   Thumb Code     2  startup_mk20d7.o(.text)
    SVC_Handler                              0x0000051f   Thumb Code     2  startup_mk20d7.o(.text)
    DebugMon_Handler                         0x00000521   Thumb Code     2  startup_mk20d7.o(.text)
    PendSV_Handler                           0x00000523   Thumb Code     2  startup_mk20d7.o(.text)
    ADC0_IRQHandler                          0x00000527   Thumb Code     0  startup_mk20d7.o(.text)
    ADC1_IRQHandler                          0x00000527   Thumb Code     0  startup_mk20d7.o(.text)
    CAN0_Bus_Off_IRQHandler                  0x00000527   Thumb Code     0  startup_mk20d7.o(.text)
    CAN0_Error_IRQHandler                    0x00000527   Thumb Code     0  startup_mk20d7.o(.text)
    CAN0_ORed_Message_buffer_IRQHandler      0x00000527   Thumb Code     0  startup_mk20d7.o(.text)
    CAN0_Rx_Warning_IRQHandler               0x00000527   Thumb Code     0  startup_mk20d7.o(.text)
    CAN0_Tx_Warning_IRQHandler               0x00000527   Thumb Code     0  startup_mk20d7.o(.text)
    CAN0_Wake_Up_IRQHandler                  0x00000527   Thumb Code     0  startup_mk20d7.o(.text)
    CMP0_IRQHandler                          0x00000527   Thumb Code     0  startup_mk20d7.o(.text)
    CMP1_IRQHandler                          0x00000527   Thumb Code     0  startup_mk20d7.o(.text)
    CMP2_IRQHandler                          0x00000527   Thumb Code     0  startup_mk20d7.o(.text)
    CMT_IRQHandler                           0x00000527   Thumb Code     0  startup_mk20d7.o(.text)
    DAC0_IRQHandler                          0x00000527   Thumb Code     0  startup_mk20d7.o(.text)
    DMA0_IRQHandler                          0x00000527   Thumb Code     0  startup_mk20d7.o(.text)
    DMA10_IRQHandler                         0x00000527   Thumb Code     0  startup_mk20d7.o(.text)
    DMA11_IRQHandler                         0x00000527   Thumb Code     0  startup_mk20d7.o(.text)
    DMA12_IRQHandler                         0x00000527   Thumb Code     0  startup_mk20d7.o(.text)
    DMA13_IRQHandler                         0x00000527   Thumb Code     0  startup_mk20d7.o(.text)
    DMA14_IRQHandler                         0x00000527   Thumb Code     0  startup_mk20d7.o(.text)
    DMA15_IRQHandler                         0x00000527   Thumb Code     0  startup_mk20d7.o(.text)
    DMA1_IRQHandler                          0x00000527   Thumb Code     0  startup_mk20d7.o(.text)
    DMA2_IRQHandler                          0x00000527   Thumb Code     0  startup_mk20d7.o(.text)
    DMA3_IRQHandler                          0x00000527   Thumb Code     0  startup_mk20d7.o(.text)
    DMA4_IRQHandler                          0x00000527   Thumb Code     0  startup_mk20d7.o(.text)
    DMA5_IRQHandler                          0x00000527   Thumb Code     0  startup_mk20d7.o(.text)
    DMA6_IRQHandler                          0x00000527   Thumb Code     0  startup_mk20d7.o(.text)
    DMA7_IRQHandler                          0x00000527   Thumb Code     0  startup_mk20d7.o(.text)
    DMA8_IRQHandler                          0x00000527   Thumb Code     0  startup_mk20d7.o(.text)
    DMA9_IRQHandler                          0x00000527   Thumb Code     0  startup_mk20d7.o(.text)
    DMA_Error_IRQHandler                     0x00000527   Thumb Code     0  startup_mk20d7.o(.text)
    DefaultISR                               0x00000527   Thumb Code     0  startup_mk20d7.o(.text)
    FTFL_IRQHandler                          0x00000527   Thumb Code     0  startup_mk20d7.o(.text)
    FTM0_IRQHandler                          0x00000527   Thumb Code     0  startup_mk20d7.o(.text)
    FTM1_IRQHandler                          0x00000527   Thumb Code     0  startup_mk20d7.o(.text)
    FTM2_IRQHandler                          0x00000527   Thumb Code     0  startup_mk20d7.o(.text)
    I2C0_IRQHandler                          0x00000527   Thumb Code     0  startup_mk20d7.o(.text)
    I2C1_IRQHandler                          0x00000527   Thumb Code     0  startup_mk20d7.o(.text)
    I2S0_Rx_IRQHandler                       0x00000527   Thumb Code     0  startup_mk20d7.o(.text)
    I2S0_Tx_IRQHandler                       0x00000527   Thumb Code     0  startup_mk20d7.o(.text)
    LLW_IRQHandler                           0x00000527   Thumb Code     0  startup_mk20d7.o(.text)
    LPTimer_IRQHandler                       0x00000527   Thumb Code     0  startup_mk20d7.o(.text)
    LVD_LVW_IRQHandler                       0x00000527   Thumb Code     0  startup_mk20d7.o(.text)
    MCG_IRQHandler                           0x00000527   Thumb Code     0  startup_mk20d7.o(.text)
    MCM_IRQHandler                           0x00000527   Thumb Code     0  startup_mk20d7.o(.text)
    PDB0_IRQHandler                          0x00000527   Thumb Code     0  startup_mk20d7.o(.text)
    PIT0_IRQHandler                          0x00000527   Thumb Code     0  startup_mk20d7.o(.text)
    PIT1_IRQHandler                          0x00000527   Thumb Code     0  startup_mk20d7.o(.text)
    PIT2_IRQHandler                          0x00000527   Thumb Code     0  startup_mk20d7.o(.text)
    PIT3_IRQHandler                          0x00000527   Thumb Code     0  startup_mk20d7.o(.text)
    PORTA_IRQHandler                         0x00000527   Thumb Code     0  startup_mk20d7.o(.text)
    PORTB_IRQHandler                         0x00000527   Thumb Code     0  startup_mk20d7.o(.text)
    PORTC_IRQHandler                         0x00000527   Thumb Code     0  startup_mk20d7.o(.text)
    PORTD_IRQHandler                         0x00000527   Thumb Code     0  startup_mk20d7.o(.text)
    PORTE_IRQHandler                         0x00000527   Thumb Code     0  startup_mk20d7.o(.text)
    RTC_IRQHandler                           0x00000527   Thumb Code     0  startup_mk20d7.o(.text)
    RTC_Seconds_IRQHandler                   0x00000527   Thumb Code     0  startup_mk20d7.o(.text)
    Read_Collision_IRQHandler                0x00000527   Thumb Code     0  startup_mk20d7.o(.text)
    Reserved102_IRQHandler                   0x00000527   Thumb Code     0  startup_mk20d7.o(.text)
    Reserved108_IRQHandler                   0x00000527   Thumb Code     0  startup_mk20d7.o(.text)
    Reserved109_IRQHandler                   0x00000527   Thumb Code     0  startup_mk20d7.o(.text)
    Reserved39_IRQHandler                    0x00000527   Thumb Code     0  startup_mk20d7.o(.text)
    Reserved44_IRQHandler                    0x00000527   Thumb Code     0  startup_mk20d7.o(.text)
    Reserved53_IRQHandler                    0x00000527   Thumb Code     0  startup_mk20d7.o(.text)
    Reserved54_IRQHandler                    0x00000527   Thumb Code     0  startup_mk20d7.o(.text)
    Reserved55_IRQHandler                    0x00000527   Thumb Code     0  startup_mk20d7.o(.text)
    Reserved56_IRQHandler                    0x00000527   Thumb Code     0  startup_mk20d7.o(.text)
    Reserved57_IRQHandler                    0x00000527   Thumb Code     0  startup_mk20d7.o(.text)
    Reserved58_IRQHandler                    0x00000527   Thumb Code     0  startup_mk20d7.o(.text)
    Reserved59_IRQHandler                    0x00000527   Thumb Code     0  startup_mk20d7.o(.text)
    Reserved71_IRQHandler                    0x00000527   Thumb Code     0  startup_mk20d7.o(.text)
    Reserved72_IRQHandler                    0x00000527   Thumb Code     0  startup_mk20d7.o(.text)
    Reserved91_IRQHandler                    0x00000527   Thumb Code     0  startup_mk20d7.o(.text)
    Reserved92_IRQHandler                    0x00000527   Thumb Code     0  startup_mk20d7.o(.text)
    Reserved93_IRQHandler                    0x00000527   Thumb Code     0  startup_mk20d7.o(.text)
    Reserved94_IRQHandler                    0x00000527   Thumb Code     0  startup_mk20d7.o(.text)
    Reserved95_IRQHandler                    0x00000527   Thumb Code     0  startup_mk20d7.o(.text)
    Reserved96_IRQHandler                    0x00000527   Thumb Code     0  startup_mk20d7.o(.text)
    Reserved98_IRQHandler                    0x00000527   Thumb Code     0  startup_mk20d7.o(.text)
    SPI0_IRQHandler                          0x00000527   Thumb Code     0  startup_mk20d7.o(.text)
    SPI1_IRQHandler                          0x00000527   Thumb Code     0  startup_mk20d7.o(.text)
    SWI_IRQHandler                           0x00000527   Thumb Code     0  startup_mk20d7.o(.text)
    TSI0_IRQHandler                          0x00000527   Thumb Code     0  startup_mk20d7.o(.text)
    UART0_ERR_IRQHandler                     0x00000527   Thumb Code     0  startup_mk20d7.o(.text)
    UART0_LON_IRQHandler                     0x00000527   Thumb Code     0  startup_mk20d7.o(.text)
    UART0_RX_TX_IRQHandler                   0x00000527   Thumb Code     0  startup_mk20d7.o(.text)
    UART1_ERR_IRQHandler                     0x00000527   Thumb Code     0  startup_mk20d7.o(.text)
    UART2_ERR_IRQHandler                     0x00000527   Thumb Code     0  startup_mk20d7.o(.text)
    UART2_RX_TX_IRQHandler                   0x00000527   Thumb Code     0  startup_mk20d7.o(.text)
    UART3_ERR_IRQHandler                     0x00000527   Thumb Code     0  startup_mk20d7.o(.text)
    UART3_RX_TX_IRQHandler                   0x00000527   Thumb Code     0  startup_mk20d7.o(.text)
    UART4_ERR_IRQHandler                     0x00000527   Thumb Code     0  startup_mk20d7.o(.text)
    UART4_RX_TX_IRQHandler                   0x00000527   Thumb Code     0  startup_mk20d7.o(.text)
    USB0_IRQHandler                          0x00000527   Thumb Code     0  startup_mk20d7.o(.text)
    USBDCD_IRQHandler                        0x00000527   Thumb Code     0  startup_mk20d7.o(.text)
    Watchdog_IRQHandler                      0x00000527   Thumb Code     0  startup_mk20d7.o(.text)
    __user_initial_stackheap                 0x00000529   Thumb Code     0  startup_mk20d7.o(.text)
    arm_mean_q15                             0x00000549   Thumb Code   192  arm_mean_q15.o(.text)
    arm_fill_q15                             0x00000609   Thumb Code   122  arm_fill_q15.o(.text)
    arm_q15_to_float                         0x00000683   Thumb Code   396  arm_q15_to_float.o(.text)
    __2sprintf                               0x00000811   Thumb Code    34  noretval__2sprintf.o(.text)
    __printf                                 0x00000839   Thumb Code   104  __printf.o(.text)
    _printf_int_dec                          0x000008a1   Thumb Code   104  _printf_dec.o(.text)
    __use_two_region_memory                  0x00000919   Thumb Code     2  heapauxi.o(.text)
    __rt_heap_escrow$2region                 0x0000091b   Thumb Code     2  heapauxi.o(.text)
    __rt_heap_expand$2region                 0x0000091d   Thumb Code     2  heapauxi.o(.text)
    _printf_int_common                       0x0000091f   Thumb Code   178  _printf_intcommon.o(.text)
    __lib_sel_fp_printf                      0x000009d1   Thumb Code     2  _printf_fp_dec.o(.text)
    _printf_fp_dec_real                      0x00000b83   Thumb Code   620  _printf_fp_dec.o(.text)
    _printf_char_common                      0x00000dfb   Thumb Code    32  _printf_char_common.o(.text)
    _sputc                                   0x00000e21   Thumb Code    10  _sputc.o(.text)
    __rt_locale                              0x00000e2d   Thumb Code     8  rt_locale_intlibspace.o(.text)
    _ll_udiv10                               0x00000e35   Thumb Code   138  lludiv10.o(.text)
    _printf_fp_infnan                        0x00000ec1   Thumb Code   112  _printf_fp_infnan.o(.text)
    _btod_etento                             0x00000f41   Thumb Code   224  bigflt0.o(.text)
    __user_libspace                          0x00001025   Thumb Code     8  libspace.o(.text)
    __user_perproc_libspace                  0x00001025   Thumb Code     0  libspace.o(.text)
    __user_perthread_libspace                0x00001025   Thumb Code     0  libspace.o(.text)
    __user_setup_stackheap                   0x0000102d   Thumb Code    74  sys_stackheap_outer.o(.text)
    exit                                     0x00001077   Thumb Code    18  exit.o(.text)
    strcmp                                   0x00001089   Thumb Code   128  strcmpv7m.o(.text)
    _sys_exit                                0x00001109   Thumb Code     8  sys_exit.o(.text)
    __I$use$semihosting                      0x00001115   Thumb Code     0  use_no_semi.o(.text)
    __use_no_semihosting_swi                 0x00001115   Thumb Code     2  use_no_semi.o(.text)
    __semihosting_library_function           0x00001117   Thumb Code     0  indicate_semi.o(.text)
    _btod_d2e                                0x00001117   Thumb Code    62  btod.o(CL$$btod_d2e)
    _d2e_denorm_low                          0x00001155   Thumb Code    70  btod.o(CL$$btod_d2e_denorm_low)
    _d2e_norm_op1                            0x0000119b   Thumb Code    96  btod.o(CL$$btod_d2e_norm_op1)
    __btod_div_common                        0x000011fb   Thumb Code   696  btod.o(CL$$btod_div_common)
    _e2e                                     0x00001533   Thumb Code   220  btod.o(CL$$btod_e2e)
    _btod_ediv                               0x0000160f   Thumb Code    42  btod.o(CL$$btod_ediv)
    _btod_emul                               0x00001639   Thumb Code    42  btod.o(CL$$btod_emul)
    __btod_mult_common                       0x00001663   Thumb Code   580  btod.o(CL$$btod_mult_common)
    ADC0_Config                              0x000018a9   Thumb Code    42  drivers.o(i.ADC0_Config)
    ADC0_Read                                0x000018dd   Thumb Code    36  drivers.o(i.ADC0_Read)
    Finger_Action                            0x00001909   Thumb Code   246  finger.o(i.Finger_Action)
    Finger_ActionTime                        0x00001a05   Thumb Code   196  finger.o(i.Finger_ActionTime)
    Finger_Close                             0x00001ac9   Thumb Code    88  finger.o(i.Finger_Close)
    Finger_Open                              0x00001b29   Thumb Code    88  finger.o(i.Finger_Open)
    Finger_Stop                              0x00001b89   Thumb Code    88  finger.o(i.Finger_Stop)
    Finger_Timing                            0x00001be9   Thumb Code    50  finger.o(i.Finger_Timing)
    Hand_Action                              0x00001c1d   Thumb Code   112  main.o(i.Hand_Action)
    LED_Config                               0x00001ca9   Thumb Code    50  drivers.o(i.LED_Config)
    LED_Off                                  0x00001ce9   Thumb Code    18  drivers.o(i.LED_Off)
    LED_On                                   0x00001d01   Thumb Code    18  drivers.o(i.LED_On)
    Output_Config                            0x00001d19   Thumb Code   204  drivers.o(i.Output_Config)
    SysTick_Handler                          0x00001df9   Thumb Code   200  main.o(i.SysTick_Handler)
    SystemInit                               0x00001edd   Thumb Code   340  system_mk20d7.o(i.SystemInit)
    UART0_Config                             0x0000205d   Thumb Code    78  drivers.o(i.UART0_Config)
    UART0_putString                          0x000020b9   Thumb Code    22  drivers.o(i.UART0_putString)
    UART0_send                               0x000020d1   Thumb Code    20  drivers.o(i.UART0_send)
    UART1_Config                             0x000020e9   Thumb Code    78  drivers.o(i.UART1_Config)
    UART1_RX_TX_IRQHandler                   0x00002145   Thumb Code   158  main.o(i.UART1_RX_TX_IRQHandler)
    __ARM_fpclassify                         0x000021f5   Thumb Code    40  fpclassify.o(i.__ARM_fpclassify)
    main                                     0x00002239   Thumb Code   404  main.o(i.main)
    _get_lc_numeric                          0x0000242d   Thumb Code    44  lc_numeric_c.o(locale$$code)
    __aeabi_ddiv                             0x00002459   Thumb Code     0  ddiv.o(x$fpl$ddiv)
    _ddiv                                    0x00002459   Thumb Code   552  ddiv.o(x$fpl$ddiv)
    __aeabi_d2uiz                            0x00002709   Thumb Code     0  dfixu.o(x$fpl$dfixu)
    _dfixu                                   0x00002709   Thumb Code    90  dfixu.o(x$fpl$dfixu)
    __aeabi_ui2d                             0x00002763   Thumb Code     0  dflt_clz.o(x$fpl$dfltu)
    _dfltu                                   0x00002763   Thumb Code    38  dflt_clz.o(x$fpl$dfltu)
    __fpl_dnaninf                            0x00002789   Thumb Code   156  dnaninf.o(x$fpl$dnaninf)
    __fpl_dretinf                            0x00002825   Thumb Code    12  dretinf.o(x$fpl$dretinf)
    __aeabi_f2d                              0x00002831   Thumb Code     0  f2d.o(x$fpl$f2d)
    _f2d                                     0x00002831   Thumb Code    86  f2d.o(x$fpl$f2d)
    __fpl_fcheck_NaN1                        0x00002889   Thumb Code     6  fcheck1.o(x$fpl$fcheck1)
    __aeabi_i2f                              0x00002895   Thumb Code     0  fflt_clz.o(x$fpl$fflt)
    _fflt                                    0x00002895   Thumb Code    48  fflt_clz.o(x$fpl$fflt)
    __fpl_fnaninf                            0x000028c5   Thumb Code   140  fnaninf.o(x$fpl$fnaninf)
    _printf_fp_dec                           0x00002951   Thumb Code     4  printf1.o(x$fpl$printf1)
    __fpl_return_NaN                         0x00002955   Thumb Code   100  retnan.o(x$fpl$retnan)
    __ARM_scalbnf                            0x000029b9   Thumb Code    76  scalbnf.o(x$fpl$scalbnf)
    __fpl_cmpreturn                          0x00002a05   Thumb Code    48  trapv.o(x$fpl$trapveneer)
    __I$use$fp                               0x00002a34   Number         0  usenofp.o(x$fpl$usenofp)
    actions                                  0x00002a34   Data          78  main.o(.constdata)
    fingers_mask                             0x00002a9c   Data          48  finger.o(.constdata)
    Region$$Table$$Base                      0x00002b60   Number         0  anon$$obj.o(Region$$Table)
    Region$$Table$$Limit                     0x00002b80   Number         0  anon$$obj.o(Region$$Table)
    value                                    0x20000000   Data           2  main.o(.data)
    receivedCMD                              0x20000002   Data           1  main.o(.data)
    activate                                 0x20000003   Data           1  main.o(.data)
    muscle_state                             0x20000004   Data           1  main.o(.data)
    thumb_rot                                0x20000008   Data         116  main.o(.data)
    thumb_f                                  0x2000007c   Data         116  main.o(.data)
    index_f                                  0x200000f0   Data         116  main.o(.data)
    middle_f                                 0x20000164   Data         116  main.o(.data)
    ring_f                                   0x200001d8   Data         116  main.o(.data)
    little_f                                 0x2000024c   Data         116  main.o(.data)
    cmd                                      0x200002c0   Data           1  main.o(.data)
    ticks                                    0x200002c4   Data           4  main.o(.data)
    ready                                    0x200002c8   Data           4  main.o(.data)
    flt                                      0x200002cc   Data           4  main.o(.data)
    fingers_addr                             0x200002d0   Data          48  finger.o(.data)
    SystemCoreClock                          0x20000300   Data           4  system_mk20d7.o(.data)
    command                                  0x20000304   Data          30  main.o(.bss)
    __libspace_start                         0x20000324   Data          96  libspace.o(.bss)
    __temporary_stack_top$libspace           0x20000384   Data           0  libspace.o(.bss)



==============================================================================

Memory Map of the image

  Image Entry point : 0x0000050d

  Load Region LR_1 (Base: 0x00000000, Size: 0x00002ea0, Max: 0xffffffff, ABSOLUTE, COMPRESSED[0x00002bdc])

    Execution Region ER_RO (Exec base: 0x00000000, Load base: 0x00000000, Size: 0x00002b9c, Max: 0xffffffff, ABSOLUTE)

    Exec Addr    Load Addr    Size         Type   Attr      Idx    E Section Name        Object

    0x00000000   0x00000000   0x00000400   Data   RO          289    RESET               startup_mk20d7.o
    0x00000400   0x00000400   0x00000010   Code   RO          290    .ARM.__at_0x400     startup_mk20d7.o
    0x00000410   0x00000410   0x00000008   Code   RO          462  * !!!main             c_w.l(__main.o)
    0x00000418   0x00000418   0x00000034   Code   RO          714    !!!scatter          c_w.l(__scatter.o)
    0x0000044c   0x0000044c   0x0000005a   Code   RO          712    !!dczerorl2         c_w.l(__dczerorl2.o)
    0x000004a6   0x000004a6   0x00000002   PAD
    0x000004a8   0x000004a8   0x0000001c   Code   RO          716    !!handler_zi        c_w.l(__scatter_zi.o)
    0x000004c4   0x000004c4   0x00000000   Code   RO          459    .ARM.Collect$$_printf_percent$$00000000  c_w.l(_printf_percent.o)
    0x000004c4   0x000004c4   0x00000006   Code   RO          458    .ARM.Collect$$_printf_percent$$00000003  c_w.l(_printf_f.o)
    0x000004ca   0x000004ca   0x00000006   Code   RO          457    .ARM.Collect$$_printf_percent$$00000009  c_w.l(_printf_d.o)
    0x000004d0   0x000004d0   0x00000004   Code   RO          499    .ARM.Collect$$_printf_percent$$00000017  c_w.l(_printf_percent_end.o)
    0x000004d4   0x000004d4   0x00000002   Code   RO          583    .ARM.Collect$$libinit$$00000000  c_w.l(libinit.o)
    0x000004d6   0x000004d6   0x00000000   Code   RO          585    .ARM.Collect$$libinit$$00000002  c_w.l(libinit2.o)
    0x000004d6   0x000004d6   0x00000000   Code   RO          587    .ARM.Collect$$libinit$$00000004  c_w.l(libinit2.o)
    0x000004d6   0x000004d6   0x00000000   Code   RO          590    .ARM.Collect$$libinit$$0000000A  c_w.l(libinit2.o)
    0x000004d6   0x000004d6   0x00000000   Code   RO          592    .ARM.Collect$$libinit$$0000000C  c_w.l(libinit2.o)
    0x000004d6   0x000004d6   0x00000000   Code   RO          594    .ARM.Collect$$libinit$$0000000E  c_w.l(libinit2.o)
    0x000004d6   0x000004d6   0x00000006   Code   RO          595    .ARM.Collect$$libinit$$0000000F  c_w.l(libinit2.o)
    0x000004dc   0x000004dc   0x00000000   Code   RO          597    .ARM.Collect$$libinit$$00000011  c_w.l(libinit2.o)
    0x000004dc   0x000004dc   0x00000000   Code   RO          599    .ARM.Collect$$libinit$$00000013  c_w.l(libinit2.o)
    0x000004dc   0x000004dc   0x00000000   Code   RO          601    .ARM.Collect$$libinit$$00000015  c_w.l(libinit2.o)
    0x000004dc   0x000004dc   0x0000000a   Code   RO          602    .ARM.Collect$$libinit$$00000016  c_w.l(libinit2.o)
    0x000004e6   0x000004e6   0x00000000   Code   RO          603    .ARM.Collect$$libinit$$00000017  c_w.l(libinit2.o)
    0x000004e6   0x000004e6   0x00000000   Code   RO          605    .ARM.Collect$$libinit$$00000019  c_w.l(libinit2.o)
    0x000004e6   0x000004e6   0x00000000   Code   RO          607    .ARM.Collect$$libinit$$0000001B  c_w.l(libinit2.o)
    0x000004e6   0x000004e6   0x00000000   Code   RO          609    .ARM.Collect$$libinit$$0000001D  c_w.l(libinit2.o)
    0x000004e6   0x000004e6   0x00000000   Code   RO          611    .ARM.Collect$$libinit$$0000001F  c_w.l(libinit2.o)
    0x000004e6   0x000004e6   0x00000000   Code   RO          613    .ARM.Collect$$libinit$$00000021  c_w.l(libinit2.o)
    0x000004e6   0x000004e6   0x00000000   Code   RO          615    .ARM.Collect$$libinit$$00000023  c_w.l(libinit2.o)
    0x000004e6   0x000004e6   0x00000000   Code   RO          617    .ARM.Collect$$libinit$$00000025  c_w.l(libinit2.o)
    0x000004e6   0x000004e6   0x00000000   Code   RO          621    .ARM.Collect$$libinit$$0000002C  c_w.l(libinit2.o)
    0x000004e6   0x000004e6   0x00000000   Code   RO          623    .ARM.Collect$$libinit$$0000002E  c_w.l(libinit2.o)
    0x000004e6   0x000004e6   0x00000000   Code   RO          625    .ARM.Collect$$libinit$$00000030  c_w.l(libinit2.o)
    0x000004e6   0x000004e6   0x00000000   Code   RO          627    .ARM.Collect$$libinit$$00000032  c_w.l(libinit2.o)
    0x000004e6   0x000004e6   0x00000002   Code   RO          628    .ARM.Collect$$libinit$$00000033  c_w.l(libinit2.o)
    0x000004e8   0x000004e8   0x00000002   Code   RO          660    .ARM.Collect$$libshutdown$$00000000  c_w.l(libshutdown.o)
    0x000004ea   0x000004ea   0x00000000   Code   RO          671    .ARM.Collect$$libshutdown$$00000002  c_w.l(libshutdown2.o)
    0x000004ea   0x000004ea   0x00000000   Code   RO          673    .ARM.Collect$$libshutdown$$00000004  c_w.l(libshutdown2.o)
    0x000004ea   0x000004ea   0x00000000   Code   RO          676    .ARM.Collect$$libshutdown$$00000007  c_w.l(libshutdown2.o)
    0x000004ea   0x000004ea   0x00000000   Code   RO          679    .ARM.Collect$$libshutdown$$0000000A  c_w.l(libshutdown2.o)
    0x000004ea   0x000004ea   0x00000000   Code   RO          681    .ARM.Collect$$libshutdown$$0000000C  c_w.l(libshutdown2.o)
    0x000004ea   0x000004ea   0x00000000   Code   RO          684    .ARM.Collect$$libshutdown$$0000000F  c_w.l(libshutdown2.o)
    0x000004ea   0x000004ea   0x00000002   Code   RO          685    .ARM.Collect$$libshutdown$$00000010  c_w.l(libshutdown2.o)
    0x000004ec   0x000004ec   0x00000000   Code   RO          490    .ARM.Collect$$rtentry$$00000000  c_w.l(__rtentry.o)
    0x000004ec   0x000004ec   0x00000000   Code   RO          510    .ARM.Collect$$rtentry$$00000002  c_w.l(__rtentry2.o)
    0x000004ec   0x000004ec   0x00000006   Code   RO          522    .ARM.Collect$$rtentry$$00000004  c_w.l(__rtentry4.o)
    0x000004f2   0x000004f2   0x00000000   Code   RO          512    .ARM.Collect$$rtentry$$00000009  c_w.l(__rtentry2.o)
    0x000004f2   0x000004f2   0x00000004   Code   RO          513    .ARM.Collect$$rtentry$$0000000A  c_w.l(__rtentry2.o)
    0x000004f6   0x000004f6   0x00000000   Code   RO          515    .ARM.Collect$$rtentry$$0000000C  c_w.l(__rtentry2.o)
    0x000004f6   0x000004f6   0x00000008   Code   RO          516    .ARM.Collect$$rtentry$$0000000D  c_w.l(__rtentry2.o)
    0x000004fe   0x000004fe   0x00000002   Code   RO          631    .ARM.Collect$$rtexit$$00000000  c_w.l(rtexit.o)
    0x00000500   0x00000500   0x00000000   Code   RO          638    .ARM.Collect$$rtexit$$00000002  c_w.l(rtexit2.o)
    0x00000500   0x00000500   0x00000004   Code   RO          639    .ARM.Collect$$rtexit$$00000003  c_w.l(rtexit2.o)
    0x00000504   0x00000504   0x00000006   Code   RO          640    .ARM.Collect$$rtexit$$00000004  c_w.l(rtexit2.o)
    0x0000050a   0x0000050a   0x00000002   PAD
    0x0000050c   0x0000050c   0x0000003c   Code   RO          291  * .text               startup_mk20d7.o
    0x00000548   0x00000548   0x000000c0   Code   RO          336    .text               arm_cortexM4l_math.lib(arm_mean_q15.o)
    0x00000608   0x00000608   0x0000007a   Code   RO          382    .text               arm_cortexM4l_math.lib(arm_fill_q15.o)
    0x00000682   0x00000682   0x0000018c   Code   RO          406    .text               arm_cortexM4l_math.lib(arm_q15_to_float.o)
    0x0000080e   0x0000080e   0x00000002   PAD
    0x00000810   0x00000810   0x00000028   Code   RO          431    .text               c_w.l(noretval__2sprintf.o)
    0x00000838   0x00000838   0x00000068   Code   RO          433    .text               c_w.l(__printf.o)
    0x000008a0   0x000008a0   0x00000078   Code   RO          435    .text               c_w.l(_printf_dec.o)
    0x00000918   0x00000918   0x00000006   Code   RO          460    .text               c_w.l(heapauxi.o)
    0x0000091e   0x0000091e   0x000000b2   Code   RO          491    .text               c_w.l(_printf_intcommon.o)
    0x000009d0   0x000009d0   0x0000041e   Code   RO          493    .text               c_w.l(_printf_fp_dec.o)
    0x00000dee   0x00000dee   0x00000002   PAD
    0x00000df0   0x00000df0   0x00000030   Code   RO          495    .text               c_w.l(_printf_char_common.o)
    0x00000e20   0x00000e20   0x0000000a   Code   RO          497    .text               c_w.l(_sputc.o)
    0x00000e2a   0x00000e2a   0x00000002   PAD
    0x00000e2c   0x00000e2c   0x00000008   Code   RO          527    .text               c_w.l(rt_locale_intlibspace.o)
    0x00000e34   0x00000e34   0x0000008a   Code   RO          529    .text               c_w.l(lludiv10.o)
    0x00000ebe   0x00000ebe   0x00000002   PAD
    0x00000ec0   0x00000ec0   0x00000080   Code   RO          531    .text               c_w.l(_printf_fp_infnan.o)
    0x00000f40   0x00000f40   0x000000e4   Code   RO          535    .text               c_w.l(bigflt0.o)
    0x00001024   0x00001024   0x00000008   Code   RO          569    .text               c_w.l(libspace.o)
    0x0000102c   0x0000102c   0x0000004a   Code   RO          572    .text               c_w.l(sys_stackheap_outer.o)
    0x00001076   0x00001076   0x00000012   Code   RO          574    .text               c_w.l(exit.o)
    0x00001088   0x00001088   0x00000080   Code   RO          576    .text               c_w.l(strcmpv7m.o)
    0x00001108   0x00001108   0x0000000c   Code   RO          650    .text               c_w.l(sys_exit.o)
    0x00001114   0x00001114   0x00000002   Code   RO          661    .text               c_w.l(use_no_semi.o)
    0x00001116   0x00001116   0x00000000   Code   RO          663    .text               c_w.l(indicate_semi.o)
    0x00001116   0x00001116   0x0000003e   Code   RO          538    CL$$btod_d2e        c_w.l(btod.o)
    0x00001154   0x00001154   0x00000046   Code   RO          540    CL$$btod_d2e_denorm_low  c_w.l(btod.o)
    0x0000119a   0x0000119a   0x00000060   Code   RO          539    CL$$btod_d2e_norm_op1  c_w.l(btod.o)
    0x000011fa   0x000011fa   0x00000338   Code   RO          548    CL$$btod_div_common  c_w.l(btod.o)
    0x00001532   0x00001532   0x000000dc   Code   RO          545    CL$$btod_e2e        c_w.l(btod.o)
    0x0000160e   0x0000160e   0x0000002a   Code   RO          542    CL$$btod_ediv       c_w.l(btod.o)
    0x00001638   0x00001638   0x0000002a   Code   RO          541    CL$$btod_emul       c_w.l(btod.o)
    0x00001662   0x00001662   0x00000244   Code   RO          547    CL$$btod_mult_common  c_w.l(btod.o)
    0x000018a6   0x000018a6   0x00000002   PAD
    0x000018a8   0x000018a8   0x00000034   Code   RO           97    i.ADC0_Config       drivers.o
    0x000018dc   0x000018dc   0x0000002c   Code   RO           98    i.ADC0_Read         drivers.o
    0x00001908   0x00001908   0x000000fc   Code   RO          222    i.Finger_Action     finger.o
    0x00001a04   0x00001a04   0x000000c4   Code   RO          223    i.Finger_ActionTime  finger.o
    0x00001ac8   0x00001ac8   0x00000060   Code   RO          224    i.Finger_Close      finger.o
    0x00001b28   0x00001b28   0x00000060   Code   RO          225    i.Finger_Open       finger.o
    0x00001b88   0x00001b88   0x00000060   Code   RO          227    i.Finger_Stop       finger.o
    0x00001be8   0x00001be8   0x00000032   Code   RO          228    i.Finger_Timing     finger.o
    0x00001c1a   0x00001c1a   0x00000002   PAD
    0x00001c1c   0x00001c1c   0x0000008c   Code   RO            4    i.Hand_Action       main.o
    0x00001ca8   0x00001ca8   0x00000040   Code   RO           99    i.LED_Config        drivers.o
    0x00001ce8   0x00001ce8   0x00000018   Code   RO          100    i.LED_Off           drivers.o
    0x00001d00   0x00001d00   0x00000018   Code   RO          101    i.LED_On            drivers.o
    0x00001d18   0x00001d18   0x000000e0   Code   RO          103    i.Output_Config     drivers.o
    0x00001df8   0x00001df8   0x000000e4   Code   RO            5    i.SysTick_Handler   main.o
    0x00001edc   0x00001edc   0x00000180   Code   RO          301    i.SystemInit        system_mk20d7.o
    0x0000205c   0x0000205c   0x0000005c   Code   RO          106    i.UART0_Config      drivers.o
    0x000020b8   0x000020b8   0x00000016   Code   RO          107    i.UART0_putString   drivers.o
    0x000020ce   0x000020ce   0x00000002   PAD
    0x000020d0   0x000020d0   0x00000018   Code   RO          108    i.UART0_send        drivers.o
    0x000020e8   0x000020e8   0x0000005c   Code   RO          109    i.UART1_Config      drivers.o
    0x00002144   0x00002144   0x000000b0   Code   RO            6    i.UART1_RX_TX_IRQHandler  main.o
    0x000021f4   0x000021f4   0x00000028   Code   RO          567    i.__ARM_fpclassify  m_ws.l(fpclassify.o)
    0x0000221c   0x0000221c   0x0000001a   Code   RO          112    i.__NVIC_EnableIRQ  drivers.o
    0x00002236   0x00002236   0x00000002   PAD
    0x00002238   0x00002238   0x000001f4   Code   RO            7    i.main              main.o
    0x0000242c   0x0000242c   0x0000002c   Code   RO          561    locale$$code        c_w.l(lc_numeric_c.o)
    0x00002458   0x00002458   0x000002b0   Code   RO          465    x$fpl$ddiv          fz_ws.l(ddiv.o)
    0x00002708   0x00002708   0x0000005a   Code   RO          468    x$fpl$dfixu         fz_ws.l(dfixu.o)
    0x00002762   0x00002762   0x00000026   Code   RO          472    x$fpl$dfltu         fz_ws.l(dflt_clz.o)
    0x00002788   0x00002788   0x0000009c   Code   RO          500    x$fpl$dnaninf       fz_ws.l(dnaninf.o)
    0x00002824   0x00002824   0x0000000c   Code   RO          502    x$fpl$dretinf       fz_ws.l(dretinf.o)
    0x00002830   0x00002830   0x00000056   Code   RO          478    x$fpl$f2d           fz_ws.l(f2d.o)
    0x00002886   0x00002886   0x00000002   PAD
    0x00002888   0x00002888   0x0000000c   Code   RO          504    x$fpl$fcheck1       fz_ws.l(fcheck1.o)
    0x00002894   0x00002894   0x00000030   Code   RO          481    x$fpl$fflt          fz_ws.l(fflt_clz.o)
    0x000028c4   0x000028c4   0x0000008c   Code   RO          506    x$fpl$fnaninf       fz_ws.l(fnaninf.o)
    0x00002950   0x00002950   0x00000004   Code   RO          486    x$fpl$printf1       fz_ws.l(printf1.o)
    0x00002954   0x00002954   0x00000064   Code   RO          565    x$fpl$retnan        fz_ws.l(retnan.o)
    0x000029b8   0x000029b8   0x0000004c   Code   RO          488    x$fpl$scalbnf       fz_ws.l(scalbnf.o)
    0x00002a04   0x00002a04   0x00000030   Code   RO          629    x$fpl$trapveneer    fz_ws.l(trapv.o)
    0x00002a34   0x00002a34   0x00000000   Code   RO          508    x$fpl$usenofp       fz_ws.l(usenofp.o)
    0x00002a34   0x00002a34   0x0000004e   Data   RO            9    .constdata          main.o
    0x00002a82   0x00002a82   0x00000017   Data   RO          113    .constdata          drivers.o
    0x00002a99   0x00002a99   0x00000003   PAD
    0x00002a9c   0x00002a9c   0x00000030   Data   RO          229    .constdata          finger.o
    0x00002acc   0x00002acc   0x00000094   Data   RO          536    .constdata          c_w.l(bigflt0.o)
    0x00002b60   0x00002b60   0x00000020   Data   RO          710    Region$$Table       anon$$obj.o
    0x00002b80   0x00002b80   0x0000001c   Data   RO          560    locale$$data        c_w.l(lc_numeric_c.o)


    Execution Region ER_RW (Exec base: 0x20000000, Load base: 0x00002b9c, Size: 0x00000304, Max: 0xffffffff, ABSOLUTE, COMPRESSED[0x00000040])

    Exec Addr    Load Addr    Size         Type   Attr      Idx    E Section Name        Object

    0x20000000   COMPRESSED   0x000002d0   Data   RW           10    .data               main.o
    0x200002d0   COMPRESSED   0x00000030   Data   RW          230    .data               finger.o
    0x20000300   COMPRESSED   0x00000004   Data   RW          302    .data               system_mk20d7.o


    Execution Region ER_ZI (Exec base: 0x20000304, Load base: 0x00002bdc, Size: 0x00000484, Max: 0xffffffff, ABSOLUTE)

    Exec Addr    Load Addr    Size         Type   Attr      Idx    E Section Name        Object

    0x20000304        -       0x0000001e   Zero   RW            8    .bss                main.o
    0x20000322   0x00002bdc   0x00000002   PAD
    0x20000324        -       0x00000060   Zero   RW          570    .bss                c_w.l(libspace.o)
    0x20000384   0x00002bdc   0x00000004   PAD
    0x20000388        -       0x00000000   Zero   RW          288    HEAP                startup_mk20d7.o
    0x20000388        -       0x00000400   Zero   RW          287    STACK               startup_mk20d7.o


==============================================================================

Image component sizes


      Code (inc. data)   RO Data    RW Data    ZI Data      Debug   Object Name

       688         96         23          0          0      33758   drivers.o
       786         30         48         48          0       4115   finger.o
      1044        182         78        720         30     237868   main.o
        76         38       1024          0       1024       1096   startup_mk20d7.o
       384         44          0          4          0        939   system_mk20d7.o

    ----------------------------------------------------------------------
      2984        390       1208        772       1056     277776   Object Totals
         0          0         32          0          0          0   (incl. Generated)
         6          0          3          0          2          0   (incl. Padding)

    ----------------------------------------------------------------------

      Code (inc. data)   RO Data    RW Data    ZI Data      Debug   Library Member Name

       122          0          0          0          0       1127   arm_fill_q15.o
       192          0          0          0          0      17575   arm_mean_q15.o
       396          0          0          0          0       1195   arm_q15_to_float.o
        90          0          0          0          0          0   __dczerorl2.o
         8          0          0          0          0         68   __main.o
       104          0          0          0          0         84   __printf.o
         0          0          0          0          0          0   __rtentry.o
        12          0          0          0          0          0   __rtentry2.o
         6          0          0          0          0          0   __rtentry4.o
        52          8          0          0          0          0   __scatter.o
        28          0          0          0          0          0   __scatter_zi.o
        48          6          0          0          0         96   _printf_char_common.o
         6          0          0          0          0          0   _printf_d.o
       120         16          0          0          0         92   _printf_dec.o
         6          0          0          0          0          0   _printf_f.o
      1054          0          0          0          0        216   _printf_fp_dec.o
       128         16          0          0          0         84   _printf_fp_infnan.o
       178          0          0          0          0         88   _printf_intcommon.o
         0          0          0          0          0          0   _printf_percent.o
         4          0          0          0          0          0   _printf_percent_end.o
        10          0          0          0          0         68   _sputc.o
       228          4        148          0          0         96   bigflt0.o
      1936        128          0          0          0        672   btod.o
        18          0          0          0          0         80   exit.o
         6          0          0          0          0        152   heapauxi.o
         0          0          0          0          0          0   indicate_semi.o
        44         10         28          0          0         76   lc_numeric_c.o
         2          0          0          0          0          0   libinit.o
        18          0          0          0          0          0   libinit2.o
         2          0          0          0          0          0   libshutdown.o
         2          0          0          0          0          0   libshutdown2.o
         8          4          0          0         96         68   libspace.o
       138          0          0          0          0         80   lludiv10.o
        40          6          0          0          0         84   noretval__2sprintf.o
         8          4          0          0          0         68   rt_locale_intlibspace.o
         2          0          0          0          0          0   rtexit.o
        10          0          0          0          0          0   rtexit2.o
       128          0          0          0          0         68   strcmpv7m.o
        12          4          0          0          0         68   sys_exit.o
        74          0          0          0          0         80   sys_stackheap_outer.o
         2          0          0          0          0         68   use_no_semi.o
       688        140          0          0          0        208   ddiv.o
        90          4          0          0          0         92   dfixu.o
        38          0          0          0          0         68   dflt_clz.o
       156          4          0          0          0         92   dnaninf.o
        12          0          0          0          0         68   dretinf.o
        86          4          0          0          0         84   f2d.o
        12          4          0          0          0         68   fcheck1.o
        48          0          0          0          0         68   fflt_clz.o
       140          4          0          0          0         84   fnaninf.o
         4          0          0          0          0         68   printf1.o
       100          0          0          0          0         68   retnan.o
        76          0          0          0          0         68   scalbnf.o
        48          0          0          0          0         68   trapv.o
         0          0          0          0          0          0   usenofp.o
        40          0          0          0          0         68   fpclassify.o

    ----------------------------------------------------------------------
      6796        366        176          0        100      23525   Library Totals
        16          0          0          0          4          0   (incl. Padding)

    ----------------------------------------------------------------------

      Code (inc. data)   RO Data    RW Data    ZI Data      Debug   Library Name

       710          0          0          0          0      19897   arm_cortexM4l_math.lib
      4532        206        176          0         96       2456   c_w.l
      1498        160          0          0          0       1104   fz_ws.l
        40          0          0          0          0         68   m_ws.l

    ----------------------------------------------------------------------
      6796        366        176          0        100      23525   Library Totals

    ----------------------------------------------------------------------

==============================================================================


      Code (inc. data)   RO Data    RW Data    ZI Data      Debug   

      9780        756       1384        772       1156     298125   Grand Totals
      9780        756       1384         64       1156     298125   ELF Image Totals (compressed)
      9780        756       1384         64          0          0   ROM Totals

==============================================================================

    Total RO  Size (Code + RO Data)                11164 (  10.90kB)
    Total RW  Size (RW Data + ZI Data)              1928 (   1.88kB)
    Total ROM Size (Code + RO Data + RW Data)      11228 (  10.96kB)

==============================================================================

